Archive member included to satisfy reference by file (symbol)

app/libapp.a(main.c.obj)      (--whole-archive)
app/libapp.a(lora_l2.c.obj)   (--whole-archive)
app/libapp.a(ipv6_addr.c.obj)
                              (--whole-archive)
zephyr/libzephyr.a(heap.c.obj)
                              (--whole-archive)
zephyr/libzephyr.a(cbprintf_packaged.c.obj)
                              (--whole-archive)
zephyr/libzephyr.a(printk.c.obj)
                              (--whole-archive)
zephyr/libzephyr.a(sem.c.obj)
                              (--whole-archive)
zephyr/libzephyr.a(thread_entry.c.obj)
                              (--whole-archive)
zephyr/libzephyr.a(cbprintf_complete.c.obj)
                              (--whole-archive)
zephyr/libzephyr.a(assert.c.obj)
                              (--whole-archive)
zephyr/libzephyr.a(dec.c.obj)
                              (--whole-archive)
zephyr/libzephyr.a(hex.c.obj)
                              (--whole-archive)
zephyr/libzephyr.a(rb.c.obj)  (--whole-archive)
zephyr/libzephyr.a(timeutil.c.obj)
                              (--whole-archive)
zephyr/libzephyr.a(bitarray.c.obj)
                              (--whole-archive)
zephyr/libzephyr.a(configs.c.obj)
                              (--whole-archive)
zephyr/libzephyr.a(stm32cube_hal.c.obj)
                              (--whole-archive)
zephyr/libzephyr.a(soc_config.c.obj)
                              (--whole-archive)
zephyr/libzephyr.a(soc.c.obj)
                              (--whole-archive)
zephyr/libzephyr.a(log_core.c.obj)
                              (--whole-archive)
zephyr/libzephyr.a(log_mgmt.c.obj)
                              (--whole-archive)
zephyr/libzephyr.a(log_cache.c.obj)
                              (--whole-archive)
zephyr/libzephyr.a(log_msg.c.obj)
                              (--whole-archive)
zephyr/libzephyr.a(log_output.c.obj)
                              (--whole-archive)
zephyr/libzephyr.a(log_backend_uart.c.obj)
                              (--whole-archive)
zephyr/libzephyr.a(mem_attr.c.obj)
                              (--whole-archive)
zephyr/libzephyr.a(tracing_none.c.obj)
                              (--whole-archive)
zephyr/arch/common/libarch__common.a(sw_isr_common.c.obj)
                              (--whole-archive)
zephyr/arch/arch/arm/core/libarch__arm__core.a(fatal.c.obj)
                              (--whole-archive)
zephyr/arch/arch/arm/core/libarch__arm__core.a(nmi.c.obj)
                              (--whole-archive)
zephyr/arch/arch/arm/core/libarch__arm__core.a(nmi_on_reset.S.obj)
                              (--whole-archive)
zephyr/arch/arch/arm/core/libarch__arm__core.a(tls.c.obj)
                              (--whole-archive)
zephyr/arch/arch/arm/core/cortex_m/libarch__arm__core__cortex_m.a(exc_exit.c.obj)
                              (--whole-archive)
zephyr/arch/arch/arm/core/cortex_m/libarch__arm__core__cortex_m.a(fault.c.obj)
                              (--whole-archive)
zephyr/arch/arch/arm/core/cortex_m/libarch__arm__core__cortex_m.a(fault_s.S.obj)
                              (--whole-archive)
zephyr/arch/arch/arm/core/cortex_m/libarch__arm__core__cortex_m.a(fpu.c.obj)
                              (--whole-archive)
zephyr/arch/arch/arm/core/cortex_m/libarch__arm__core__cortex_m.a(reset.S.obj)
                              (--whole-archive)
zephyr/arch/arch/arm/core/cortex_m/libarch__arm__core__cortex_m.a(scb.c.obj)
                              (--whole-archive)
zephyr/arch/arch/arm/core/cortex_m/libarch__arm__core__cortex_m.a(thread_abort.c.obj)
                              (--whole-archive)
zephyr/arch/arch/arm/core/cortex_m/libarch__arm__core__cortex_m.a(vector_table.S.obj)
                              (--whole-archive)
zephyr/arch/arch/arm/core/cortex_m/libarch__arm__core__cortex_m.a(swap.c.obj)
                              (--whole-archive)
zephyr/arch/arch/arm/core/cortex_m/libarch__arm__core__cortex_m.a(swap_helper.S.obj)
                              (--whole-archive)
zephyr/arch/arch/arm/core/cortex_m/libarch__arm__core__cortex_m.a(irq_manage.c.obj)
                              (--whole-archive)
zephyr/arch/arch/arm/core/cortex_m/libarch__arm__core__cortex_m.a(prep_c.c.obj)
                              (--whole-archive)
zephyr/arch/arch/arm/core/cortex_m/libarch__arm__core__cortex_m.a(thread.c.obj)
                              (--whole-archive)
zephyr/arch/arch/arm/core/cortex_m/libarch__arm__core__cortex_m.a(cpu_idle.c.obj)
                              (--whole-archive)
zephyr/arch/arch/arm/core/cortex_m/libarch__arm__core__cortex_m.a(irq_init.c.obj)
                              (--whole-archive)
zephyr/arch/arch/arm/core/cortex_m/libarch__arm__core__cortex_m.a(isr_wrapper.c.obj)
                              (--whole-archive)
zephyr/arch/arch/arm/core/cortex_m/libarch__arm__core__cortex_m.a(__aeabi_read_tp.S.obj)
                              (--whole-archive)
[...]
Memory Configuration

Name             Origin             Length             Attributes
FLASH            0x0000000008000000 0x0000000000040000 xr
RAM              0x0000000020000000 0x0000000000010000 xw
IDT_LIST         0x00000000ffff7fff 0x0000000000008000 xw
*default*        0x0000000000000000 0xffffffffffffffff

Linker script and memory map

                0x0000000008006498                vfprintf = __l_vfprintf
                0x0000000000000000                vfscanf = __l_vfscanf
LOAD zephyr/CMakeFiles/zephyr_pre0.dir/misc/empty_file.c.obj
LOAD zephyr/CMakeFiles/offsets.dir/./arch/arm/core/offsets/offsets.c.obj
LOAD app/libapp.a
LOAD zephyr/libzephyr.a
LOAD zephyr/arch/common/libarch__common.a
LOAD zephyr/arch/arch/arm/core/libarch__arm__core.a
LOAD zephyr/arch/arch/arm/core/cortex_m/libarch__arm__core__cortex_m.a
LOAD zephyr/arch/arch/arm/core/mpu/libarch__arm__core__mpu.a
LOAD zephyr/lib/libc/picolibc/liblib__libc__picolibc.a
LOAD zephyr/lib/libc/common/liblib__libc__common.a
LOAD zephyr/subsys/random/libsubsys__random.a
LOAD zephyr/drivers/interrupt_controller/libdrivers__interrupt_controller.a
LOAD zephyr/drivers/clock_control/libdrivers__clock_control.a
LOAD zephyr/drivers/console/libdrivers__console.a
LOAD zephyr/drivers/entropy/libdrivers__entropy.a
LOAD zephyr/drivers/gpio/libdrivers__gpio.a
LOAD zephyr/drivers/hwinfo/libdrivers__hwinfo.a
LOAD zephyr/drivers/lora/libloramac-node.a
LOAD zephyr/drivers/pinctrl/libdrivers__pinctrl.a
LOAD zephyr/drivers/reset/libdrivers__reset.a
LOAD zephyr/drivers/serial/libdrivers__serial.a
LOAD zephyr/drivers/spi/libdrivers__spi.a
LOAD zephyr/drivers/timer/libdrivers__timer.a
LOAD modules/stm32/stm32cube/lib..__modules__hal__stm32__stm32cube.a
LOAD zephyr/kernel/libkernel.a
LOAD /Volumes/Attic/zephyr-sdk-0.16.8/arm-zephyr-eabi/bin/../lib/gcc/arm-zephyr-eabi/12.2.0/thumb/v7e-m/nofp/libgcc.a
LOAD zephyr/arch/common/libisr_tables.a
LOAD /Volumes/Attic/zephyr-sdk-0.16.8/arm-zephyr-eabi/bin/../lib/gcc/../../picolibc/arm-zephyr-eabi/lib/thumb/v7e-m/nofp/libc.a
LOAD /Volumes/Attic/zephyr-sdk-0.16.8/arm-zephyr-eabi/bin/../lib/gcc/arm-zephyr-eabi/12.2.0/thumb/v7e-m/nofp/libgcc.a
                0x0000000000000020                _region_min_align = 0x20

.rel.plt        0x0000000008000000        0x0
 *(SORT_BY_ALIGNMENT(.rel.plt))
                [!provide]                        PROVIDE (__rel_iplt_start = .)
 *(SORT_BY_ALIGNMENT(.rel.iplt))
 .rel.iplt      0x0000000008000000        0x0 app/libapp.a(main.c.obj)
                [!provide]                        PROVIDE (__rel_iplt_end = .)

.rela.plt       0x0000000000000000        0x0
 *(SORT_BY_ALIGNMENT(.rela.plt))
                [!provide]                        PROVIDE (__rela_iplt_start = .)
 *(SORT_BY_ALIGNMENT(.rela.iplt))
                [!provide]                        PROVIDE (__rela_iplt_end = .)

.rel.dyn
 *(SORT_BY_ALIGNMENT(.rel.*))

.rela.dyn
 *(SORT_BY_ALIGNMENT(.rela.*))

/DISCARD/
 *(SORT_BY_ALIGNMENT(.plt))

/DISCARD/
 *(SORT_BY_ALIGNMENT(.iplt))
                0x0000000008000000                __rom_region_start = 0x8000000

rom_start       0x0000000008000000      0x138
                0x0000000008000000                __rom_start_address = .
 FILL mask 0x00
                0x0000000008000000                . = (. + (0x0 - (. - __rom_start_address)))
                0x0000000008000000                . = ALIGN (0x4)
                0x0000000008000000                . = ALIGN (0x80)
                0x0000000008000000                . = ALIGN (0x200)
                0x0000000008000000                _vector_start = .
 *(SORT_BY_ALIGNMENT(.exc_vector_table))
 *(SORT_BY_ALIGNMENT(.exc_vector_table.*))
 .exc_vector_table._vector_table_section
                0x0000000008000000       0x40 zephyr/arch/arch/arm/core/cortex_m/libarch__arm__core__cortex_m.a(vector_table.S.obj)
                0x0000000008000000                _vector_table
 *(SORT_BY_ALIGNMENT(.vectors))
                0x0000000008000138                _vector_end = .
                0x0000000008000040                . = ALIGN (0x4)
 *(SORT_BY_ALIGNMENT(.gnu.linkonce.irq_vector_table*))
 .gnu.linkonce.irq_vector_table
                0x0000000008000040       0xf8 zephyr/arch/common/libisr_tables.a(isr_tables.c.obj)
                0x0000000008000040                _irq_vector_table
                0x0000000008000138                _vector_end = .

text            0x0000000008000138     0x8654
                0x0000000008000138                __text_region_start = .
 *(SORT_BY_ALIGNMENT(.text))
 .text          0x0000000008000138       0x30 /Volumes/Attic/zephyr-sdk-0.16.8/arm-zephyr-eabi/bin/../lib/gcc/arm-zephyr-eabi/12.2.0/thumb/v7e-m/nofp/libgcc.a(_aeabi_uldivmod.o)
                0x0000000008000138                __aeabi_uldivmod
 .text          0x0000000008000168        0x4 /Volumes/Attic/zephyr-sdk-0.16.8/arm-zephyr-eabi/bin/../lib/gcc/arm-zephyr-eabi/12.2.0/thumb/v7e-m/nofp/libgcc.a(_dvmd_tls.o)
                0x0000000008000168                __aeabi_ldiv0
                0x0000000008000168                __aeabi_idiv0
 .text          0x000000000800016c      0x2a0 /Volumes/Attic/zephyr-sdk-0.16.8/arm-zephyr-eabi/bin/../lib/gcc/arm-zephyr-eabi/12.2.0/thumb/v7e-m/nofp/libgcc.a(_udivmoddi4.o)
                0x000000000800016c                __udivmoddi4
 .text          0x000000000800040c       0x10 /Volumes/Attic/zephyr-sdk-0.16.8/arm-zephyr-eabi/bin/../lib/gcc/../../picolibc/arm-zephyr-eabi/lib/thumb/v7e-m/nofp/libc.a(strlen.S.o)
                0x000000000800040c                strlen
 *(SORT_BY_ALIGNMENT(.text.*))
 .text.lora_rx_handler
                0x000000000800041c       0x2c app/libapp.a(main.c.obj)
 .text.gpio_pin_set_dt.constprop.0.isra.0
                0x0000000008000448       0x28 app/libapp.a(main.c.obj)
 .text.main     0x0000000008000470      0x190 app/libapp.a(main.c.obj)
                0x0000000008000470                main
 .text.k_mutex_lock.constprop.0.isra.0
                0x0000000008000600       0x10 app/libapp.a(lora_l2.c.obj)
 .text.k_mutex_unlock.constprop.0.isra.0
                0x0000000008000610        0xc app/libapp.a(lora_l2.c.obj)
 .text.rx_thread
                0x000000000800061c       0xd8 app/libapp.a(lora_l2.c.obj)
 .text.lichen_lora_l2_init
                0x00000000080006f4      0x118 app/libapp.a(lora_l2.c.obj)
                0x00000000080006f4                lichen_lora_l2_init
 .text.lichen_lora_l2_start
                0x000000000800080c       0xdc app/libapp.a(lora_l2.c.obj)
                0x000000000800080c                lichen_lora_l2_start
 .text.lichen_lora_l2_set_rx_callback
                0x00000000080008e8       0x24 app/libapp.a(lora_l2.c.obj)
                0x00000000080008e8                lichen_lora_l2_set_rx_callback
 .text.lichen_lora_l2_get_eui64
                0x000000000800090c       0x3c app/libapp.a(lora_l2.c.obj)
                0x000000000800090c                lichen_lora_l2_get_eui64
 .text.lichen_eui64_to_iid
                0x0000000008000948       0x3c app/libapp.a(ipv6_addr.c.obj)
                0x0000000008000948                lichen_eui64_to_iid
 .text.lichen_make_link_local
                0x0000000008000984       0x40 app/libapp.a(ipv6_addr.c.obj)
                0x0000000008000984                lichen_make_link_local
 .text.lichen_ipv6_addr_to_str
                0x00000000080009c4       0xb0 app/libapp.a(ipv6_addr.c.obj)
                0x00000000080009c4                lichen_ipv6_addr_to_str
 .text.cbvprintf_package
                0x0000000008000a74      0x3a4 zephyr/libzephyr.a(cbprintf_packaged.c.obj)
                0x0000000008000a74                cbvprintf_package
 .text.__printk_hook_install
                0x0000000008000e18        0xc zephyr/libzephyr.a(printk.c.obj)
                0x0000000008000e18                __printk_hook_install
 .text.z_thread_entry
                0x0000000008000e24       0x34 zephyr/libzephyr.a(thread_entry.c.obj)
                0x0000000008000e24                z_thread_entry
 .text.st_stm32_common_config
                0x0000000008000e58       0x14 zephyr/libzephyr.a(soc_config.c.obj)
 .text.stm32wl_init
                0x0000000008000e6c       0x30 zephyr/libzephyr.a(soc.c.obj)
 .text.z_log_init.isra.0
                0x0000000008000e9c       0xcc zephyr/libzephyr.a(log_core.c.obj)
 .text.log_format_func_t_get
                0x0000000008000f68        0xc zephyr/libzephyr.a(log_core.c.obj)
                0x0000000008000f68                log_format_func_t_get
 .text.log_set_timestamp_func
                0x0000000008000f74       0x20 zephyr/libzephyr.a(log_core.c.obj)
                0x0000000008000f74                log_set_timestamp_func
 .text.log_core_init
                0x0000000008000f94       0x28 zephyr/libzephyr.a(log_core.c.obj)
                0x0000000008000f94                log_core_init
 .text.z_impl_log_panic
                0x0000000008000fbc       0x3c zephyr/libzephyr.a(log_core.c.obj)
                0x0000000008000fbc                z_impl_log_panic
 .text.z_log_dropped
                0x0000000008000ff8       0x30 zephyr/libzephyr.a(log_core.c.obj)
                0x0000000008000ff8                z_log_dropped
 .text.z_log_msg_commit
                0x0000000008001028       0x38 zephyr/libzephyr.a(log_core.c.obj)
                0x0000000008001028                z_log_msg_commit
 .text.log_source_name_get
                0x0000000008001060       0x1c zephyr/libzephyr.a(log_mgmt.c.obj)
                0x0000000008001060                log_source_name_get
 .text.log_backend_enable
                0x000000000800107c       0x28 zephyr/libzephyr.a(log_mgmt.c.obj)
                0x000000000800107c                log_backend_enable
 .text.z_log_msg_runtime_vcreate
                0x00000000080010a4       0xac zephyr/libzephyr.a(log_msg.c.obj)
                0x00000000080010a4                z_log_msg_runtime_vcreate
 .text.log_msg_get_source_id
                0x0000000008001150       0x18 zephyr/libzephyr.a(log_msg.c.obj)
                0x0000000008001150                log_msg_get_source_id
 .text.print_formatted
                0x0000000008001168       0x24 zephyr/libzephyr.a(log_output.c.obj)
 .text.newline_print
                0x000000000800118c       0x1c zephyr/libzephyr.a(log_output.c.obj)
 .text.log_output_process
                0x00000000080011a8      0x2d4 zephyr/libzephyr.a(log_output.c.obj)
                0x00000000080011a8                log_output_process
 .text.log_output_timestamp_freq_set
                0x000000000800147c       0x2c zephyr/libzephyr.a(log_output.c.obj)
                0x000000000800147c                log_output_timestamp_freq_set
 .text.char_out
                0x00000000080014a8       0x24 zephyr/libzephyr.a(log_backend_uart.c.obj)
 .text.mem_attr_get_regions
                0x00000000080014cc        0xc zephyr/libzephyr.a(mem_attr.c.obj)
                0x00000000080014cc                mem_attr_get_regions
 .text.z_arm_fatal_error
                0x00000000080014d8       0xc4 zephyr/arch/arch/arm/core/libarch__arm__core.a(fatal.c.obj)
                0x00000000080014d8                z_arm_fatal_error
 .text.z_SysNmiOnReset
                0x000000000800159c        0x8 zephyr/arch/arch/arm/core/libarch__arm__core.a(nmi_on_reset.S.obj)
                0x000000000800159c                z_SysNmiOnReset
 .text.arch_tls_stack_setup
                0x00000000080015a4       0x40 zephyr/arch/arch/arm/core/libarch__arm__core.a(tls.c.obj)
                0x00000000080015a4                arch_tls_stack_setup
 .text._HandlerModeExit
                0x00000000080015e4       0x28 zephyr/arch/arch/arm/core/cortex_m/libarch__arm__core__cortex_m.a(exc_exit.c.obj)
                0x00000000080015e4                z_arm_exc_exit
                0x00000000080015e4                z_arm_int_exit
 .text.bus_fault.constprop.0
                0x000000000800160c      0x118 zephyr/arch/arch/arm/core/cortex_m/libarch__arm__core__cortex_m.a(fault.c.obj)
 .text.usage_fault.constprop.0
                0x0000000008001724      0x108 zephyr/arch/arch/arm/core/cortex_m/libarch__arm__core__cortex_m.a(fault.c.obj)
 .text.mem_manage_fault
                0x000000000800182c      0x134 zephyr/arch/arch/arm/core/cortex_m/libarch__arm__core__cortex_m.a(fault.c.obj)
 .text.z_arm_fault
                0x0000000008001960      0x20c zephyr/arch/arch/arm/core/cortex_m/libarch__arm__core__cortex_m.a(fault.c.obj)
                0x0000000008001960                z_arm_fault
 .text.z_arm_fault_init
                0x0000000008001b6c       0x10 zephyr/arch/arch/arm/core/cortex_m/libarch__arm__core__cortex_m.a(fault.c.obj)
                0x0000000008001b6c                z_arm_fault_init
 .text.__fault  0x0000000008001b7c       0x14 zephyr/arch/arch/arm/core/cortex_m/libarch__arm__core__cortex_m.a(fault_s.S.obj)
                0x0000000008001b7c                z_arm_bus_fault
                0x0000000008001b7c                z_arm_usage_fault
                0x0000000008001b7c                z_arm_mpu_fault
                0x0000000008001b7c                z_arm_exc_spurious
                0x0000000008001b7c                z_arm_debug_monitor
                0x0000000008001b7c                z_arm_hard_fault
 .text._reset_section
                0x0000000008001b90       0x2c zephyr/arch/arch/arm/core/cortex_m/libarch__arm__core__cortex_m.a(reset.S.obj)
                0x0000000008001b90                z_arm_reset
                0x0000000008001b90                __start
 .text.z_impl_k_thread_abort
                0x0000000008001bbc       0x2c zephyr/arch/arch/arm/core/cortex_m/libarch__arm__core__cortex_m.a(thread_abort.c.obj)
                0x0000000008001bbc                z_impl_k_thread_abort
 .text.arch_swap
                0x0000000008001be8       0x30 zephyr/arch/arch/arm/core/cortex_m/libarch__arm__core__cortex_m.a(swap.c.obj)
                0x0000000008001be8                arch_swap
 .text.z_arm_pendsv_c
                0x0000000008001c18       0x48 zephyr/arch/arch/arm/core/cortex_m/libarch__arm__core__cortex_m.a(swap.c.obj)
                0x0000000008001c18                z_arm_pendsv_c
 .text.z_arm_pendsv
                0x0000000008001c60       0x34 zephyr/arch/arch/arm/core/cortex_m/libarch__arm__core__cortex_m.a(swap_helper.S.obj)
                0x0000000008001c60                z_arm_pendsv
 .text.z_arm_svc
                0x0000000008001c94       0x20 zephyr/arch/arch/arm/core/cortex_m/libarch__arm__core__cortex_m.a(swap_helper.S.obj)
                0x0000000008001c94                z_arm_svc
 .text.arch_irq_enable
                0x0000000008001cb4       0x1c zephyr/arch/arch/arm/core/cortex_m/libarch__arm__core__cortex_m.a(irq_manage.c.obj)
                0x0000000008001cb4                arch_irq_enable
 .text.arch_irq_disable
                0x0000000008001cd0       0x28 zephyr/arch/arch/arm/core/cortex_m/libarch__arm__core__cortex_m.a(irq_manage.c.obj)
                0x0000000008001cd0                arch_irq_disable
 .text.arch_irq_is_enabled
                0x0000000008001cf8       0x1c zephyr/arch/arch/arm/core/cortex_m/libarch__arm__core__cortex_m.a(irq_manage.c.obj)
                0x0000000008001cf8                arch_irq_is_enabled
 .text.z_arm_irq_priority_set
                0x0000000008001d14       0x30 zephyr/arch/arch/arm/core/cortex_m/libarch__arm__core__cortex_m.a(irq_manage.c.obj)
                0x0000000008001d14                z_arm_irq_priority_set
 .text.z_prep_c
                0x0000000008001d44       0x2c zephyr/arch/arch/arm/core/cortex_m/libarch__arm__core__cortex_m.a(prep_c.c.obj)
                0x0000000008001d44                z_prep_c
 .text.arch_new_thread
                0x0000000008001d70       0x38 zephyr/arch/arch/arm/core/cortex_m/libarch__arm__core__cortex_m.a(thread.c.obj)
                0x0000000008001d70                arch_new_thread
 .text.z_check_thread_stack_fail
                0x0000000008001da8       0x2c zephyr/arch/arch/arm/core/cortex_m/libarch__arm__core__cortex_m.a(thread.c.obj)
                0x0000000008001da8                z_check_thread_stack_fail
 .text.arch_switch_to_main_thread
                0x0000000008001dd4       0x44 zephyr/arch/arch/arm/core/cortex_m/libarch__arm__core__cortex_m.a(thread.c.obj)
                0x0000000008001dd4                arch_switch_to_main_thread
 .text.z_arm_cpu_idle_init
                0x0000000008001e18        0xc zephyr/arch/arch/arm/core/cortex_m/libarch__arm__core__cortex_m.a(cpu_idle.c.obj)
                0x0000000008001e18                z_arm_cpu_idle_init
 .text.z_arm_interrupt_init
                0x0000000008001e24       0x18 zephyr/arch/arch/arm/core/cortex_m/libarch__arm__core__cortex_m.a(irq_init.c.obj)
                0x0000000008001e24                z_arm_interrupt_init
 .text._isr_wrapper
                0x0000000008001e3c       0x24 zephyr/arch/arch/arm/core/cortex_m/libarch__arm__core__cortex_m.a(isr_wrapper.c.obj)
                0x0000000008001e3c                _isr_wrapper
 .text.z_arm_configure_static_mpu_regions
                0x0000000008001e60       0x18 zephyr/arch/arch/arm/core/mpu/libarch__arm__core__mpu.a(arm_core_mpu.c.obj)
                0x0000000008001e60                z_arm_configure_static_mpu_regions
 .text.z_arm_configure_dynamic_mpu_regions
                0x0000000008001e78       0x20 zephyr/arch/arch/arm/core/mpu/libarch__arm__core__mpu.a(arm_core_mpu.c.obj)
                0x0000000008001e78                z_arm_configure_dynamic_mpu_regions
 .text.region_allocate_and_init
                0x0000000008001e98       0x60 zephyr/arch/arch/arm/core/mpu/libarch__arm__core__mpu.a(arm_mpu.c.obj)
 .text.mpu_configure_regions
                0x0000000008001ef8       0x74 zephyr/arch/arch/arm/core/mpu/libarch__arm__core__mpu.a(arm_mpu.c.obj)
 .text.arm_core_mpu_enable
                0x0000000008001f6c       0x18 zephyr/arch/arch/arm/core/mpu/libarch__arm__core__mpu.a(arm_mpu.c.obj)
                0x0000000008001f6c                arm_core_mpu_enable
 .text.arm_core_mpu_disable
                0x0000000008001f84       0x14 zephyr/arch/arch/arm/core/mpu/libarch__arm__core__mpu.a(arm_mpu.c.obj)
                0x0000000008001f84                arm_core_mpu_disable
 .text.arm_core_mpu_configure_static_mpu_regions
                0x0000000008001f98       0x14 zephyr/arch/arch/arm/core/mpu/libarch__arm__core__mpu.a(arm_mpu.c.obj)
                0x0000000008001f98                arm_core_mpu_configure_static_mpu_regions
 .text.arm_core_mpu_configure_dynamic_mpu_regions
                0x0000000008001fac       0x38 zephyr/arch/arch/arm/core/mpu/libarch__arm__core__mpu.a(arm_mpu.c.obj)
                0x0000000008001fac                arm_core_mpu_configure_dynamic_mpu_regions
 .text.z_arm_mpu_init
                0x0000000008001fe4      0x17c zephyr/arch/arch/arm/core/mpu/libarch__arm__core__mpu.a(arm_mpu.c.obj)
                0x0000000008001fe4                z_arm_mpu_init
 .text.z_impl_zephyr_fputc
                0x0000000008002160       0x10 zephyr/lib/libc/picolibc/liblib__libc__picolibc.a(libc-hooks.c.obj)
                0x0000000008002160                z_impl_zephyr_fputc
 .text.__stdout_hook_install
                0x0000000008002170       0x18 zephyr/lib/libc/picolibc/liblib__libc__picolibc.a(libc-hooks.c.obj)
                0x0000000008002170                __stdout_hook_install
 .text.cbvprintf
                0x0000000008002188       0x38 zephyr/lib/libc/picolibc/liblib__libc__picolibc.a(libc-hooks.c.obj)
                0x0000000008002188                cbvprintf
 .text.malloc_prepare
                0x00000000080021c0       0x24 zephyr/lib/libc/common/liblib__libc__common.a(malloc.c.obj)
 .text.z_impl_sys_rand_get
                0x00000000080021e4       0x40 zephyr/subsys/random/libsubsys__random.a(random_entropy_device.c.obj)
                0x00000000080021e4                z_impl_sys_rand_get
 .text.stm32_exti_isr
                0x0000000008002224       0x4c zephyr/drivers/interrupt_controller/libdrivers__interrupt_controller.a(intc_exti_stm32.c.obj)
 .text.stm32_fill_irq_table
                0x0000000008002270       0x18 zephyr/drivers/interrupt_controller/libdrivers__interrupt_controller.a(intc_exti_stm32.c.obj)
 .text.stm32_exti_enable
                0x0000000008002288       0x28 zephyr/drivers/interrupt_controller/libdrivers__interrupt_controller.a(intc_exti_stm32.c.obj)
                0x0000000008002288                stm32_exti_enable
 .text.stm32_exti_disable
                0x00000000080022b0       0x1c zephyr/drivers/interrupt_controller/libdrivers__interrupt_controller.a(intc_exti_stm32.c.obj)
                0x00000000080022b0                stm32_exti_disable
 .text.stm32_exti_trigger
                0x00000000080022cc       0x60 zephyr/drivers/interrupt_controller/libdrivers__interrupt_controller.a(intc_exti_stm32.c.obj)
                0x00000000080022cc                stm32_exti_trigger
 .text.stm32_exti_set_callback
                0x000000000800232c       0x30 zephyr/drivers/interrupt_controller/libdrivers__interrupt_controller.a(intc_exti_stm32.c.obj)
                0x000000000800232c                stm32_exti_set_callback
 .text.stm32_exti_unset_callback
                0x000000000800235c       0x14 zephyr/drivers/interrupt_controller/libdrivers__interrupt_controller.a(intc_exti_stm32.c.obj)
                0x000000000800235c                stm32_exti_unset_callback
 .text.stm32_clock_control_get_subsys_rate
                0x0000000008002370       0x78 zephyr/drivers/clock_control/libdrivers__clock_control.a(clock_stm32_ll_common.c.obj)
 .text.stm32_clock_control_init
                0x00000000080023e8      0x19c zephyr/drivers/clock_control/libdrivers__clock_control.a(clock_stm32_ll_common.c.obj)
                0x00000000080023e8                stm32_clock_control_init
 .text.get_pllsrc_frequency
                0x0000000008002584        0x8 zephyr/drivers/clock_control/libdrivers__clock_control.a(clock_stm32l4_l5_wb_wl.c.obj)
                0x0000000008002584                get_pllsrc_frequency
 .text.config_pll_sysclock
                0x000000000800258c       0x24 zephyr/drivers/clock_control/libdrivers__clock_control.a(clock_stm32l4_l5_wb_wl.c.obj)
                0x000000000800258c                config_pll_sysclock
 .text.uart_console_init
                0x00000000080025b0       0x28 zephyr/drivers/console/libdrivers__console.a(uart_console.c.obj)
 .text.console_out
                0x00000000080025d8       0x28 zephyr/drivers/console/libdrivers__console.a(uart_console.c.obj)
 .text.entropy_stm32_suspend.isra.0
                0x0000000008002600       0x20 zephyr/drivers/entropy/libdrivers__entropy.a(entropy_stm32.c.obj)
 .text.entropy_stm32_resume.isra.0
                0x0000000008002620       0x2c zephyr/drivers/entropy/libdrivers__entropy.a(entropy_stm32.c.obj)
 .text.start_pool_filling.constprop.0
                0x000000000800264c       0x38 zephyr/drivers/entropy/libdrivers__entropy.a(entropy_stm32.c.obj)
 .text.rng_pool_get
                0x0000000008002684       0x94 zephyr/drivers/entropy/libdrivers__entropy.a(entropy_stm32.c.obj)
 .text.entropy_stm32_rng_get_entropy
                0x0000000008002718       0x58 zephyr/drivers/entropy/libdrivers__entropy.a(entropy_stm32.c.obj)
 .text.entropy_stm32_rng_init
                0x0000000008002770       0xd0 zephyr/drivers/entropy/libdrivers__entropy.a(entropy_stm32.c.obj)
 .text.random_byte_get
                0x0000000008002840       0x74 zephyr/drivers/entropy/libdrivers__entropy.a(entropy_stm32.c.obj)
 .text.entropy_stm32_rng_get_entropy_isr
                0x00000000080028b4       0xb4 zephyr/drivers/entropy/libdrivers__entropy.a(entropy_stm32.c.obj)
 .text.stm32_rng_isr
                0x0000000008002968       0x78 zephyr/drivers/entropy/libdrivers__entropy.a(entropy_stm32.c.obj)
 .text.gpio_stm32_init
                0x00000000080029e0       0x30 zephyr/drivers/gpio/libdrivers__gpio.a(gpio_stm32.c.obj)
 .text.gpio_stm32_pin_interrupt_configure
                0x0000000008002a10       0xec zephyr/drivers/gpio/libdrivers__gpio.a(gpio_stm32.c.obj)
 .text.z_impl_hwinfo_get_device_id
                0x0000000008002afc       0x38 zephyr/drivers/hwinfo/libdrivers__hwinfo.a(hwinfo_stm32.c.obj)
                0x0000000008002afc                z_impl_hwinfo_get_device_id
 .text.timer_callback
                0x0000000008002b34        0xc zephyr/drivers/lora/libloramac-node.a(hal_common.c.obj)
 .text.RtcGetTimerElapsedTime
                0x0000000008002b40       0x14 zephyr/drivers/lora/libloramac-node.a(hal_common.c.obj)
                0x0000000008002b40                RtcGetTimerElapsedTime
 .text.RtcStopAlarm
                0x0000000008002b54        0xc zephyr/drivers/lora/libloramac-node.a(hal_common.c.obj)
                0x0000000008002b54                RtcStopAlarm
 .text.RtcSetAlarm
                0x0000000008002b60       0x20 zephyr/drivers/lora/libloramac-node.a(hal_common.c.obj)
                0x0000000008002b60                RtcSetAlarm
 .text.RtcSetTimerContext
                0x0000000008002b80       0x10 zephyr/drivers/lora/libloramac-node.a(hal_common.c.obj)
                0x0000000008002b80                RtcSetTimerContext
 .text.RtcGetTimerContext
                0x0000000008002b90        0xc zephyr/drivers/lora/libloramac-node.a(hal_common.c.obj)
                0x0000000008002b90                RtcGetTimerContext
 .text.sx12xx_ev_rx_done
                0x0000000008002b9c       0xac zephyr/drivers/lora/libloramac-node.a(sx12xx_common.c.obj)
 .text.modem_release.constprop.0
                0x0000000008002c48       0x54 zephyr/drivers/lora/libloramac-node.a(sx12xx_common.c.obj)
 .text.sx12xx_ev_tx_done
                0x0000000008002c9c       0x20 zephyr/drivers/lora/libloramac-node.a(sx12xx_common.c.obj)
 .text.__sx12xx_configure_pin
                0x0000000008002cbc       0xa0 zephyr/drivers/lora/libloramac-node.a(sx12xx_common.c.obj)
                0x0000000008002cbc                __sx12xx_configure_pin
 .text.sx12xx_lora_send_async
                0x0000000008002d5c       0x4c zephyr/drivers/lora/libloramac-node.a(sx12xx_common.c.obj)
                0x0000000008002d5c                sx12xx_lora_send_async
 .text.sx12xx_lora_send
                0x0000000008002da8       0xc4 zephyr/drivers/lora/libloramac-node.a(sx12xx_common.c.obj)
                0x0000000008002da8                sx12xx_lora_send
 .text.sx12xx_lora_recv
                0x0000000008002e6c       0xc4 zephyr/drivers/lora/libloramac-node.a(sx12xx_common.c.obj)
                0x0000000008002e6c                sx12xx_lora_recv
 .text.sx12xx_lora_recv_async
                0x0000000008002f30       0x54 zephyr/drivers/lora/libloramac-node.a(sx12xx_common.c.obj)
                0x0000000008002f30                sx12xx_lora_recv_async
 .text.sx12xx_lora_config
                0x0000000008002f84       0xbc zephyr/drivers/lora/libloramac-node.a(sx12xx_common.c.obj)
                0x0000000008002f84                sx12xx_lora_config
 .text.sx12xx_lora_test_cw
                0x0000000008003040       0x40 zephyr/drivers/lora/libloramac-node.a(sx12xx_common.c.obj)
                0x0000000008003040                sx12xx_lora_test_cw
 .text.sx12xx_init
                0x0000000008003080       0x58 zephyr/drivers/lora/libloramac-node.a(sx12xx_common.c.obj)
                0x0000000008003080                sx12xx_init
 .text.sx126x_dio1_irq_work_handler
                0x00000000080030d8       0x50 zephyr/drivers/lora/libloramac-node.a(sx126x.c.obj)
 .text.sx126x_set_tx_enable
                0x0000000008003128       0x10 zephyr/drivers/lora/libloramac-node.a(sx126x.c.obj)
 .text.sx126x_lora_init
                0x0000000008003138       0xc8 zephyr/drivers/lora/libloramac-node.a(sx126x.c.obj)
 .text.sx126x_set_rx_enable
                0x0000000008003200       0x10 zephyr/drivers/lora/libloramac-node.a(sx126x.c.obj)
 .text.SX126xGetOperatingMode
                0x0000000008003210        0xc zephyr/drivers/lora/libloramac-node.a(sx126x.c.obj)
                0x0000000008003210                SX126xGetOperatingMode
 .text.SX126xSetOperatingMode
                0x000000000800321c       0x4c zephyr/drivers/lora/libloramac-node.a(sx126x.c.obj)
                0x000000000800321c                SX126xSetOperatingMode
 .text.SX126xIoIrqInit
                0x0000000008003268        0xc zephyr/drivers/lora/libloramac-node.a(sx126x.c.obj)
                0x0000000008003268                SX126xIoIrqInit
 .text.SX126xReset
                0x0000000008003274       0x18 zephyr/drivers/lora/libloramac-node.a(sx126x.c.obj)
                0x0000000008003274                SX126xReset
 .text.SX126xWaitOnBusy
                0x000000000800328c       0x1c zephyr/drivers/lora/libloramac-node.a(sx126x.c.obj)
                0x000000000800328c                SX126xWaitOnBusy
 .text.sx126x_spi_transceive.isra.0
                0x00000000080032a8       0x88 zephyr/drivers/lora/libloramac-node.a(sx126x.c.obj)
 .text.SX126xWakeup
                0x0000000008003330       0x6c zephyr/drivers/lora/libloramac-node.a(sx126x.c.obj)
                0x0000000008003330                SX126xWakeup
 .text.SX126xGetDio1PinState
                0x000000000800339c        0xc zephyr/drivers/lora/libloramac-node.a(sx126x.c.obj)
                0x000000000800339c                SX126xGetDio1PinState
 .text.sx126x_is_busy
                0x00000000080033a8       0x10 zephyr/drivers/lora/libloramac-node.a(sx126x_stm32wl.c.obj)
                0x00000000080033a8                sx126x_is_busy
 .text.sx126x_dio1_irq_enable
                0x00000000080033b8       0x14 zephyr/drivers/lora/libloramac-node.a(sx126x_stm32wl.c.obj)
                0x00000000080033b8                sx126x_dio1_irq_enable
 .text.sx126x_variant_init
                0x00000000080033cc       0x28 zephyr/drivers/lora/libloramac-node.a(sx126x_stm32wl.c.obj)
                0x00000000080033cc                sx126x_variant_init
 .text.TimerInsertNewHeadTimer
                0x00000000080033f4       0x18 zephyr/drivers/lora/libloramac-node.a(timer.c.obj)
 .text.TimerStart
                0x000000000800340c       0x70 zephyr/drivers/lora/libloramac-node.a(timer.c.obj)
                0x000000000800340c                TimerStart
 .text.TimerIrqHandler
                0x000000000800347c       0x7c zephyr/drivers/lora/libloramac-node.a(timer.c.obj)
                0x000000000800347c                TimerIrqHandler
 .text.TimerStop
                0x00000000080034f8       0x54 zephyr/drivers/lora/libloramac-node.a(timer.c.obj)
                0x00000000080034f8                TimerStop
 .text.SX126xSetCrcSeed
                0x000000000800354c       0x24 zephyr/drivers/lora/libloramac-node.a(sx126x.c.obj)
                0x000000000800354c                SX126xSetCrcSeed
 .text.SX126xSetCrcPolynomial
                0x0000000008003570       0x24 zephyr/drivers/lora/libloramac-node.a(sx126x.c.obj)
                0x0000000008003570                SX126xSetCrcPolynomial
 .text.SX126xSetWhiteningSeed
                0x0000000008003594       0x38 zephyr/drivers/lora/libloramac-node.a(sx126x.c.obj)
                0x0000000008003594                SX126xSetWhiteningSeed
 .text.SX126xSetSleep
                0x00000000080035cc       0x3c zephyr/drivers/lora/libloramac-node.a(sx126x.c.obj)
                0x00000000080035cc                SX126xSetSleep
 .text.SX126xInit
                0x0000000008003608       0x34 zephyr/drivers/lora/libloramac-node.a(sx126x.c.obj)
                0x0000000008003608                SX126xInit
 .text.SX126xCalibrateImage
                0x000000000800363c       0x64 zephyr/drivers/lora/libloramac-node.a(sx126x.c.obj)
                0x000000000800363c                SX126xCalibrateImage
 .text.SX126xSetRfFrequency
                0x00000000080036a0       0x48 zephyr/drivers/lora/libloramac-node.a(sx126x.c.obj)
                0x00000000080036a0                SX126xSetRfFrequency
 .text.SX126xSetPacketType
                0x00000000080036e8       0x20 zephyr/drivers/lora/libloramac-node.a(sx126x.c.obj)
                0x00000000080036e8                SX126xSetPacketType
 .text.SX126xGetPacketType
                0x0000000008003708        0xc zephyr/drivers/lora/libloramac-node.a(sx126x.c.obj)
                0x0000000008003708                SX126xGetPacketType
 .text.SX126xSetModulationParams
                0x0000000008003714       0x98 zephyr/drivers/lora/libloramac-node.a(sx126x.c.obj)
                0x0000000008003714                SX126xSetModulationParams
 .text.SX126xSetPacketParams
                0x00000000080037ac       0xbc zephyr/drivers/lora/libloramac-node.a(sx126x.c.obj)
                0x00000000080037ac                SX126xSetPacketParams
 .text.SX126xGetRxBufferStatus
                0x0000000008003868       0x44 zephyr/drivers/lora/libloramac-node.a(sx126x.c.obj)
                0x0000000008003868                SX126xGetRxBufferStatus
 .text.SX126xGetPacketStatus
                0x00000000080038ac       0x78 zephyr/drivers/lora/libloramac-node.a(sx126x.c.obj)
                0x00000000080038ac                SX126xGetPacketStatus
 .text.RadioOnTxTimeoutIrq
                0x0000000008003924       0x14 zephyr/drivers/lora/libloramac-node.a(radio.c.obj)
                0x0000000008003924                RadioOnTxTimeoutIrq
 .text.RadioOnRxTimeoutIrq
                0x0000000008003938       0x14 zephyr/drivers/lora/libloramac-node.a(radio.c.obj)
                0x0000000008003938                RadioOnRxTimeoutIrq
 .text.RadioOnDioIrq
                0x000000000800394c        0xc zephyr/drivers/lora/libloramac-node.a(radio.c.obj)
                0x000000000800394c                RadioOnDioIrq
 .text.RadioGetStatus
                0x0000000008003958       0x1c zephyr/drivers/lora/libloramac-node.a(radio.c.obj)
                0x0000000008003958                RadioGetStatus
 .text.RadioSend
                0x0000000008003974       0x5c zephyr/drivers/lora/libloramac-node.a(radio.c.obj)
                0x0000000008003974                RadioSend
 .text.RadioSetTxContinuousWave
                0x00000000080039d0       0x30 zephyr/drivers/lora/libloramac-node.a(radio.c.obj)
                0x00000000080039d0                RadioSetTxContinuousWave
 .text.RadioIrqProcess
                0x0000000008003a00      0x17c zephyr/drivers/lora/libloramac-node.a(radio.c.obj)
                0x0000000008003a00                RadioIrqProcess
 .text.RadioGetFskBandwidthRegValue
                0x0000000008003b7c       0x34 zephyr/drivers/lora/libloramac-node.a(radio.c.obj)
 .text.RadioSetMaxPayloadLength
                0x0000000008003bb0       0x30 zephyr/drivers/lora/libloramac-node.a(radio.c.obj)
                0x0000000008003bb0                RadioSetMaxPayloadLength
 .text.RadioRx  0x0000000008003be0       0x48 zephyr/drivers/lora/libloramac-node.a(radio.c.obj)
                0x0000000008003be0                RadioRx
 .text.RadioRxBoosted
                0x0000000008003c28       0x48 zephyr/drivers/lora/libloramac-node.a(radio.c.obj)
                0x0000000008003c28                RadioRxBoosted
 .text.RadioTimeOnAir
                0x0000000008003c70       0xe4 zephyr/drivers/lora/libloramac-node.a(radio.c.obj)
                0x0000000008003c70                RadioTimeOnAir
 .text.RadioSetPublicNetwork
                0x0000000008003d54       0x3c zephyr/drivers/lora/libloramac-node.a(radio.c.obj)
                0x0000000008003d54                RadioSetPublicNetwork
 .text.RadioSetModem.part.0
                0x0000000008003d90       0x24 zephyr/drivers/lora/libloramac-node.a(radio.c.obj)
 .text.RadioSetModem
                0x0000000008003db4       0x20 zephyr/drivers/lora/libloramac-node.a(radio.c.obj)
                0x0000000008003db4                RadioSetModem
 .text.RadioSetRxConfig
                0x0000000008003dd4      0x1e0 zephyr/drivers/lora/libloramac-node.a(radio.c.obj)
                0x0000000008003dd4                RadioSetRxConfig
 .text.RadioSetTxConfig
                0x0000000008003fb4      0x194 zephyr/drivers/lora/libloramac-node.a(radio.c.obj)
                0x0000000008003fb4                RadioSetTxConfig
 .text.RadioInit
                0x0000000008004148       0x7c zephyr/drivers/lora/libloramac-node.a(radio.c.obj)
                0x0000000008004148                RadioInit
 .text.pinctrl_configure_pins
                0x00000000080041c4       0x84 zephyr/drivers/pinctrl/libdrivers__pinctrl.a(pinctrl_stm32.c.obj)
                0x00000000080041c4                pinctrl_configure_pins
 .text.uart_stm32_cfg2ll_stopbits
                0x0000000008004248       0x38 zephyr/drivers/serial/libdrivers__serial.a(uart_stm32.c.obj)
 .text.lpuartdiv_calc
                0x0000000008004280       0x30 zephyr/drivers/serial/libdrivers__serial.a(uart_stm32.c.obj)
                0x0000000008004280                lpuartdiv_calc
 .text.uart_stm32_set_baudrate
                0x00000000080042b0       0xf8 zephyr/drivers/serial/libdrivers__serial.a(uart_stm32.c.obj)
 .text.uart_stm32_configure
                0x00000000080043a8       0xe8 zephyr/drivers/serial/libdrivers__serial.a(uart_stm32.c.obj)
 .text.uart_stm32_init
                0x0000000008004490      0x198 zephyr/drivers/serial/libdrivers__serial.a(uart_stm32.c.obj)
 .text.spi_stm32_init
                0x0000000008004628      0x130 zephyr/drivers/spi/libdrivers__spi.a(spi_ll_stm32.c.obj)
 .text.spi_stm32_transceive
                0x0000000008004758      0x4cc zephyr/drivers/spi/libdrivers__spi.a(spi_ll_stm32.c.obj)
 .text.elapsed  0x0000000008004c24       0x4c zephyr/drivers/timer/libdrivers__timer.a(cortex_m_systick.c.obj)
 .text.sys_clock_driver_init
                0x0000000008004c70       0x38 zephyr/drivers/timer/libdrivers__timer.a(cortex_m_systick.c.obj)
 .text.sys_clock_isr
                0x0000000008004ca8       0x44 zephyr/drivers/timer/libdrivers__timer.a(cortex_m_systick.c.obj)
                0x0000000008004ca8                sys_clock_isr
 .text.sys_clock_set_timeout
                0x0000000008004cec       0xe8 zephyr/drivers/timer/libdrivers__timer.a(cortex_m_systick.c.obj)
                0x0000000008004cec                sys_clock_set_timeout
 .text.sys_clock_elapsed
                0x0000000008004dd4       0x3c zephyr/drivers/timer/libdrivers__timer.a(cortex_m_systick.c.obj)
                0x0000000008004dd4                sys_clock_elapsed
 .text.sys_clock_cycle_get_32
                0x0000000008004e10       0x28 zephyr/drivers/timer/libdrivers__timer.a(cortex_m_systick.c.obj)
                0x0000000008004e10                sys_clock_cycle_get_32
 .text.HAL_RCC_GetSysClockFreq
                0x0000000008004e38       0xe4 modules/stm32/stm32cube/lib..__modules__hal__stm32__stm32cube.a(stm32wlxx_hal_rcc.c.obj)
                0x0000000008004e38                HAL_RCC_GetSysClockFreq
 .text.LL_SetFlashLatency
                0x0000000008004f1c       0xa4 modules/stm32/stm32cube/lib..__modules__hal__stm32__stm32cube.a(stm32wlxx_ll_utils.c.obj)
                0x0000000008004f1c                LL_SetFlashLatency
 .text.k_sys_fatal_error_handler
                0x0000000008004fc0       0x2c zephyr/kernel/libkernel.a(fatal.c.obj)
                0x0000000008004fc0                k_sys_fatal_error_handler
 .text.z_fatal_error
                0x0000000008004fec       0xcc zephyr/kernel/libkernel.a(fatal.c.obj)
                0x0000000008004fec                z_fatal_error
 .text.z_sys_init_run_level
                0x00000000080050b8       0x2c zephyr/kernel/libkernel.a(init.c.obj)
 .text.bg_thread_main
                0x00000000080050e4       0xc4 zephyr/kernel/libkernel.a(init.c.obj)
 .text.z_bss_zero
                0x00000000080051a8       0x18 zephyr/kernel/libkernel.a(init.c.obj)
                0x00000000080051a8                z_bss_zero
 .text.z_init_cpu
                0x00000000080051c0       0x70 zephyr/kernel/libkernel.a(init.c.obj)
                0x00000000080051c0                z_init_cpu
 .text.z_cstart
                0x0000000008005230       0xdc zephyr/kernel/libkernel.a(init.c.obj)
                0x0000000008005230                z_cstart
 .text.z_impl_k_mutex_lock
                0x000000000800530c       0xf0 zephyr/kernel/libkernel.a(mutex.c.obj)
                0x000000000800530c                z_impl_k_mutex_lock
 .text.z_impl_k_mutex_unlock
                0x00000000080053fc       0x78 zephyr/kernel/libkernel.a(mutex.c.obj)
                0x00000000080053fc                z_impl_k_mutex_unlock
 .text.z_impl_k_sem_give
                0x0000000008005474       0x48 zephyr/kernel/libkernel.a(sem.c.obj)
                0x0000000008005474                z_impl_k_sem_give
 .text.z_impl_k_sem_take
                0x00000000080054bc       0x4c zephyr/kernel/libkernel.a(sem.c.obj)
                0x00000000080054bc                z_impl_k_sem_take
 .text.work_queue_main
                0x0000000008005508      0x144 zephyr/kernel/libkernel.a(work.c.obj)
 .text.submit_to_queue_locked
                0x000000000800564c       0xb4 zephyr/kernel/libkernel.a(work.c.obj)
 .text.k_work_submit
                0x0000000008005700        0xc zephyr/kernel/libkernel.a(work.c.obj)
                0x0000000008005700                k_work_submit
 .text.k_work_queue_start
                0x000000000800570c       0x7c zephyr/kernel/libkernel.a(work.c.obj)
                0x000000000800570c                k_work_queue_start
 .text.z_setup_new_thread
                0x0000000008005788       0x98 zephyr/kernel/libkernel.a(thread.c.obj)
                0x0000000008005788                z_setup_new_thread
 .text.z_impl_k_thread_create
                0x0000000008005820       0x58 zephyr/kernel/libkernel.a(thread.c.obj)
                0x0000000008005820                z_impl_k_thread_create
 .text.update_cache
                0x0000000008005878       0x3c zephyr/kernel/libkernel.a(sched.c.obj)
 .text.unready_thread
                0x00000000080058b4       0x30 zephyr/kernel/libkernel.a(sched.c.obj)
 .text.ready_thread
                0x00000000080058e4       0x68 zephyr/kernel/libkernel.a(sched.c.obj)
 .text.z_thread_halt
                0x000000000800594c       0xdc zephyr/kernel/libkernel.a(sched.c.obj)
 .text.move_thread_to_end_of_prio_q
                0x0000000008005a28       0x74 zephyr/kernel/libkernel.a(sched.c.obj)
                0x0000000008005a28                move_thread_to_end_of_prio_q
 .text.z_pend_curr
                0x0000000008005a9c       0x58 zephyr/kernel/libkernel.a(sched.c.obj)
                0x0000000008005a9c                z_pend_curr
 .text.z_thread_prio_set
                0x0000000008005af4       0x88 zephyr/kernel/libkernel.a(sched.c.obj)
                0x0000000008005af4                z_thread_prio_set
 .text.z_reschedule
                0x0000000008005b7c       0x24 zephyr/kernel/libkernel.a(sched.c.obj)
                0x0000000008005b7c                z_reschedule
 .text.z_sched_start
                0x0000000008005ba0       0x3c zephyr/kernel/libkernel.a(sched.c.obj)
                0x0000000008005ba0                z_sched_start
 .text.z_reschedule_irqlock
                0x0000000008005bdc       0x28 zephyr/kernel/libkernel.a(sched.c.obj)
                0x0000000008005bdc                z_reschedule_irqlock
 .text.k_sched_lock
                0x0000000008005c04       0x28 zephyr/kernel/libkernel.a(sched.c.obj)
                0x0000000008005c04                k_sched_lock
 .text.k_sched_unlock
                0x0000000008005c2c       0x40 zephyr/kernel/libkernel.a(sched.c.obj)
                0x0000000008005c2c                k_sched_unlock
 .text.z_sched_init
                0x0000000008005c6c       0x10 zephyr/kernel/libkernel.a(sched.c.obj)
                0x0000000008005c6c                z_sched_init
 .text.z_impl_k_yield
                0x0000000008005c7c       0x7c zephyr/kernel/libkernel.a(sched.c.obj)
                0x0000000008005c7c                z_impl_k_yield
 .text.z_tick_sleep
                0x0000000008005cf8       0x88 zephyr/kernel/libkernel.a(sched.c.obj)
 .text.z_impl_k_sleep
                0x0000000008005d80       0x3c zephyr/kernel/libkernel.a(sched.c.obj)
                0x0000000008005d80                z_impl_k_sleep
 .text.z_impl_k_sched_current_thread_query
                0x0000000008005dbc        0xc zephyr/kernel/libkernel.a(sched.c.obj)
                0x0000000008005dbc                z_impl_k_sched_current_thread_query
 .text.z_sched_wait
                0x0000000008005dc8       0x24 zephyr/kernel/libkernel.a(sched.c.obj)
                0x0000000008005dc8                z_sched_wait
 .text.slice_timeout
                0x0000000008005dec       0x20 zephyr/kernel/libkernel.a(timeslicing.c.obj)
 .text.thread_is_sliceable
                0x0000000008005e0c       0x3c zephyr/kernel/libkernel.a(timeslicing.c.obj)
                0x0000000008005e0c                thread_is_sliceable
 .text.z_reset_time_slice
                0x0000000008005e48       0x50 zephyr/kernel/libkernel.a(timeslicing.c.obj)
                0x0000000008005e48                z_reset_time_slice
 .text.z_time_slice
                0x0000000008005e98       0x60 zephyr/kernel/libkernel.a(timeslicing.c.obj)
                0x0000000008005e98                z_time_slice
 .text.z_data_copy
                0x0000000008005ef8       0x34 zephyr/kernel/libkernel.a(xip.c.obj)
                0x0000000008005ef8                z_data_copy
 .text.elapsed  0x0000000008005f2c       0x14 zephyr/kernel/libkernel.a(timeout.c.obj)
 .text.remove_timeout
                0x0000000008005f40       0x38 zephyr/kernel/libkernel.a(timeout.c.obj)
 .text.next_timeout
                0x0000000008005f78       0x40 zephyr/kernel/libkernel.a(timeout.c.obj)
 .text.z_add_timeout
                0x0000000008005fb8       0xf4 zephyr/kernel/libkernel.a(timeout.c.obj)
                0x0000000008005fb8                z_add_timeout
 .text.sys_clock_announce
                0x00000000080060ac       0xd0 zephyr/kernel/libkernel.a(timeout.c.obj)
                0x00000000080060ac                sys_clock_announce
 .text.sys_clock_tick_get
                0x000000000800617c       0x30 zephyr/kernel/libkernel.a(timeout.c.obj)
                0x000000000800617c                sys_clock_tick_get
 .text.z_timer_expiration_handler
                0x00000000080061ac       0xe0 zephyr/kernel/libkernel.a(timer.c.obj)
                0x00000000080061ac                z_timer_expiration_handler
 .text.z_impl_k_timer_start
                0x000000000800628c       0x74 zephyr/kernel/libkernel.a(timer.c.obj)
                0x000000000800628c                z_impl_k_timer_start
 .text.z_impl_k_poll
                0x0000000008006300       0xb0 zephyr/kernel/libkernel.a(poll.c.obj)
                0x0000000008006300                z_impl_k_poll
 .text.z_impl_k_poll_signal_raise
                0x00000000080063b0       0x50 zephyr/kernel/libkernel.a(poll.c.obj)
                0x00000000080063b0                z_impl_k_poll_signal_raise
 .text.boot_banner
                0x0000000008006400        0xc zephyr/kernel/libkernel.a(banner.c.obj)
                0x0000000008006400                boot_banner
 .text.k_sys_work_q_init
                0x000000000800640c       0x34 zephyr/kernel/libkernel.a(system_work_q.c.obj)
 .text.snprintf
                0x0000000008006440       0x58 /Volumes/Attic/zephyr-sdk-0.16.8/arm-zephyr-eabi/bin/../lib/gcc/../../picolibc/arm-zephyr-eabi/lib/thumb/v7e-m/nofp/libc.a(libc_tinystdio_snprintf.c.o)
                0x0000000008006440                snprintf
 .text.__l_vfprintf
                0x0000000008006498      0x4b8 /Volumes/Attic/zephyr-sdk-0.16.8/arm-zephyr-eabi/bin/../lib/gcc/../../picolibc/arm-zephyr-eabi/lib/thumb/v7e-m/nofp/libc.a(libc_tinystdio_vflprintf.c.o)
                0x0000000008006498                __l_vfprintf
 .text._OffsetAbsSyms
                0x0000000008006950        0x2 zephyr/CMakeFiles/offsets.dir/./arch/arm/core/offsets/offsets.c.obj
                0x0000000008006950                _OffsetAbsSyms
 .text.z_log_msg_runtime_create.constprop.0
                0x0000000008006952       0x1e app/libapp.a(main.c.obj)
 .text.z_log_msg_runtime_create.constprop.0
                0x0000000008006970       0x1e app/libapp.a(lora_l2.c.obj)
 .text.atomic_set.isra.0
                0x000000000800698e       0x16 app/libapp.a(lora_l2.c.obj)
 .text.z_log_msg_runtime_create.constprop.0
                0x00000000080069a4       0x1e app/libapp.a(ipv6_addr.c.obj)
 .text.chunk_size
                0x00000000080069c2        0xa zephyr/libzephyr.a(heap.c.obj)
 .text.free_list_add
                0x00000000080069cc       0x4e zephyr/libzephyr.a(heap.c.obj)
 .text.sys_heap_init
                0x0000000008006a1a       0x7a zephyr/libzephyr.a(heap.c.obj)
                0x0000000008006a1a                sys_heap_init
 .text.cbpprintf_external
                0x0000000008006a94       0x62 zephyr/libzephyr.a(cbprintf_packaged.c.obj)
                0x0000000008006a94                cbpprintf_external
 .text.arch_printk_char_out
                0x0000000008006af6        0x4 zephyr/libzephyr.a(printk.c.obj)
                0x0000000008006af6                arch_printk_char_out
 .text.printk   0x0000000008006afa       0x1a zephyr/libzephyr.a(printk.c.obj)
                0x0000000008006afa                printk
 .text._ConfigAbsSyms
                0x0000000008006b14        0x2 zephyr/libzephyr.a(configs.c.obj)
                0x0000000008006b14                _ConfigAbsSyms
 .text.dummy_timestamp
                0x0000000008006b16        0x4 zephyr/libzephyr.a(log_core.c.obj)
 .text.default_lf_get_timestamp
                0x0000000008006b1a       0x10 zephyr/libzephyr.a(log_core.c.obj)
 .text.atomic_inc
                0x0000000008006b2a       0x1a zephyr/libzephyr.a(log_core.c.obj)
 .text.enable_logger
                0x0000000008006b44        0xe zephyr/libzephyr.a(log_core.c.obj)
 .text.z_log_vprintk
                0x0000000008006b52       0x1c zephyr/libzephyr.a(log_core.c.obj)
                0x0000000008006b52                z_log_vprintk
 .text.z_log_notify_backend_enabled
                0x0000000008006b6e        0x2 zephyr/libzephyr.a(log_core.c.obj)
                0x0000000008006b6e                z_log_notify_backend_enabled
 .text.z_log_get_tag
                0x0000000008006b70        0x4 zephyr/libzephyr.a(log_core.c.obj)
                0x0000000008006b70                z_log_get_tag
 .text.z_log_msg_finalize
                0x0000000008006b74       0x32 zephyr/libzephyr.a(log_msg.c.obj)
                0x0000000008006b74                z_log_msg_finalize
 .text.z_log_msg_runtime_create.constprop.0
                0x0000000008006ba6       0x20 zephyr/libzephyr.a(log_msg.c.obj)
 .text.out_func
                0x0000000008006bc6       0x1c zephyr/libzephyr.a(log_output.c.obj)
 .text.cr_out_func
                0x0000000008006be2       0x1c zephyr/libzephyr.a(log_output.c.obj)
 .text.buffer_write
                0x0000000008006bfe       0x1c zephyr/libzephyr.a(log_output.c.obj)
 .text.log_output_flush
                0x0000000008006c1a       0x1a zephyr/libzephyr.a(log_output.c.obj)
                0x0000000008006c1a                log_output_flush
 .text.log_output_msg_process
                0x0000000008006c34       0x6a zephyr/libzephyr.a(log_output.c.obj)
                0x0000000008006c34                log_output_msg_process
 .text.format_set
                0x0000000008006c9e        0xc zephyr/libzephyr.a(log_backend_uart.c.obj)
 .text.log_backend_uart_init
                0x0000000008006caa        0xc zephyr/libzephyr.a(log_backend_uart.c.obj)
 .text.panic    0x0000000008006cb6       0x10 zephyr/libzephyr.a(log_backend_uart.c.obj)
 .text.process  0x0000000008006cc6       0x1e zephyr/libzephyr.a(log_backend_uart.c.obj)
 .text.z_log_msg_runtime_create.constprop.0
                0x0000000008006ce4       0x20 zephyr/arch/arch/arm/core/libarch__arm__core.a(fatal.c.obj)
 .text.z_do_kernel_oops
                0x0000000008006d04        0x8 zephyr/arch/arch/arm/core/libarch__arm__core.a(fatal.c.obj)
                0x0000000008006d04                z_do_kernel_oops
 .text.z_arm_nmi
                0x0000000008006d0c        0xe zephyr/arch/arch/arm/core/libarch__arm__core.a(nmi.c.obj)
                0x0000000008006d0c                z_arm_nmi
 .text.z_log_msg_runtime_create.constprop.0
                0x0000000008006d1a       0x20 zephyr/arch/arch/arm/core/cortex_m/libarch__arm__core__cortex_m.a(fault.c.obj)
 .text.z_irq_spurious
                0x0000000008006d3a        0x8 zephyr/arch/arch/arm/core/cortex_m/libarch__arm__core__cortex_m.a(irq_manage.c.obj)
                0x0000000008006d3a                z_irq_spurious
 .text.arch_irq_unlock_outlined
                0x0000000008006d42        0xe zephyr/arch/arch/arm/core/cortex_m/libarch__arm__core__cortex_m.a(thread.c.obj)
                0x0000000008006d42                arch_irq_unlock_outlined
 .text.arch_cpu_idle
                0x0000000008006d50       0x1a zephyr/arch/arch/arm/core/cortex_m/libarch__arm__core__cortex_m.a(cpu_idle.c.obj)
                0x0000000008006d50                arch_cpu_idle
 .text.size_to_mpu_rasr_size
                0x0000000008006d6a       0x20 zephyr/arch/arch/arm/core/mpu/libarch__arm__core__mpu.a(arm_mpu.c.obj)
 .text.z_log_msg_runtime_create.constprop.0
                0x0000000008006d8a       0x20 zephyr/arch/arch/arm/core/mpu/libarch__arm__core__mpu.a(arm_mpu.c.obj)
 .text.cbputc   0x0000000008006daa        0xc zephyr/lib/libc/picolibc/liblib__libc__picolibc.a(libc-hooks.c.obj)
 .text.picolibc_put
                0x0000000008006db6        0xa zephyr/lib/libc/picolibc/liblib__libc__picolibc.a(libc-hooks.c.obj)
 .text.stm32_exti_init
                0x0000000008006dc0       0x92 zephyr/drivers/interrupt_controller/libdrivers__interrupt_controller.a(intc_exti_stm32.c.obj)
 .text.LL_RCC_HSI_IsReady
                0x0000000008006e52        0xc zephyr/drivers/clock_control/libdrivers__clock_control.a(clock_stm32_ll_common.c.obj)
 .text.stm32_clock_control_on
                0x0000000008006e5e       0x30 zephyr/drivers/clock_control/libdrivers__clock_control.a(clock_stm32_ll_common.c.obj)
 .text.stm32_clock_control_off
                0x0000000008006e8e       0x20 zephyr/drivers/clock_control/libdrivers__clock_control.a(clock_stm32_ll_common.c.obj)
 .text.stm32_clock_control_configure
                0x0000000008006eae       0x54 zephyr/drivers/clock_control/libdrivers__clock_control.a(clock_stm32_ll_common.c.obj)
 .text.stm32_clock_control_get_status
                0x0000000008006f02       0x32 zephyr/drivers/clock_control/libdrivers__clock_control.a(clock_stm32_ll_common.c.obj)
 .text.config_regulator_voltage
                0x0000000008006f34        0x2 zephyr/drivers/clock_control/libdrivers__clock_control.a(clock_stm32_ll_common.c.obj)
                0x0000000008006f34                config_regulator_voltage
 .text.config_enable_default_clocks
                0x0000000008006f36        0x2 zephyr/drivers/clock_control/libdrivers__clock_control.a(clock_stm32l4_l5_wb_wl.c.obj)
                0x0000000008006f36                config_enable_default_clocks
 .text.pool_filling_work_handler
                0x0000000008006f38       0x16 zephyr/drivers/entropy/libdrivers__entropy.a(entropy_stm32.c.obj)
 .text.gpio_stm32_port_get_raw
                0x0000000008006f4e        0xc zephyr/drivers/gpio/libdrivers__gpio.a(gpio_stm32.c.obj)
 .text.gpio_stm32_port_set_masked_raw
                0x0000000008006f5a       0x12 zephyr/drivers/gpio/libdrivers__gpio.a(gpio_stm32.c.obj)
 .text.gpio_stm32_port_set_bits_raw
                0x0000000008006f6c        0xa zephyr/drivers/gpio/libdrivers__gpio.a(gpio_stm32.c.obj)
 .text.gpio_stm32_port_clear_bits_raw
                0x0000000008006f76        0xa zephyr/drivers/gpio/libdrivers__gpio.a(gpio_stm32.c.obj)
 .text.gpio_stm32_port_toggle_bits
                0x0000000008006f80        0xe zephyr/drivers/gpio/libdrivers__gpio.a(gpio_stm32.c.obj)
 .text.gpio_stm32_manage_callback
                0x0000000008006f8e       0x52 zephyr/drivers/gpio/libdrivers__gpio.a(gpio_stm32.c.obj)
 .text.gpio_stm32_configure_raw.isra.0
                0x0000000008006fe0      0x106 zephyr/drivers/gpio/libdrivers__gpio.a(gpio_stm32.c.obj)
 .text.gpio_stm32_config
                0x00000000080070e6       0x72 zephyr/drivers/gpio/libdrivers__gpio.a(gpio_stm32.c.obj)
 .text.gpio_stm32_isr
                0x0000000008007158       0x2e zephyr/drivers/gpio/libdrivers__gpio.a(gpio_stm32.c.obj)
 .text.gpio_stm32_configure
                0x0000000008007186       0x2a zephyr/drivers/gpio/libdrivers__gpio.a(gpio_stm32.c.obj)
                0x0000000008007186                gpio_stm32_configure
 .text.timer_work_handler
                0x00000000080071b0        0x4 zephyr/drivers/lora/libloramac-node.a(hal_common.c.obj)
 .text.k_uptime_get_32
                0x00000000080071b4       0x10 zephyr/drivers/lora/libloramac-node.a(hal_common.c.obj)
 .text.RtcGetTimerValue
                0x00000000080071c4        0x4 zephyr/drivers/lora/libloramac-node.a(hal_common.c.obj)
                0x00000000080071c4                RtcGetTimerValue
 .text.RtcGetMinimumTimeout
                0x00000000080071c8        0x4 zephyr/drivers/lora/libloramac-node.a(hal_common.c.obj)
                0x00000000080071c8                RtcGetMinimumTimeout
 .text.DelayMsMcu
                0x00000000080071cc        0xa zephyr/drivers/lora/libloramac-node.a(hal_common.c.obj)
                0x00000000080071cc                DelayMsMcu
 .text.RtcMs2Tick
                0x00000000080071d6        0x2 zephyr/drivers/lora/libloramac-node.a(hal_common.c.obj)
                0x00000000080071d6                RtcMs2Tick
 .text.RtcTick2Ms
                0x00000000080071d8        0x2 zephyr/drivers/lora/libloramac-node.a(hal_common.c.obj)
                0x00000000080071d8                RtcTick2Ms
 .text.BoardCriticalSectionBegin
                0x00000000080071da       0x12 zephyr/drivers/lora/libloramac-node.a(hal_common.c.obj)
                0x00000000080071da                BoardCriticalSectionBegin
 .text.BoardCriticalSectionEnd
                0x00000000080071ec        0xc zephyr/drivers/lora/libloramac-node.a(hal_common.c.obj)
                0x00000000080071ec                BoardCriticalSectionEnd
 .text.z_log_msg_runtime_create.constprop.0
                0x00000000080071f8       0x1e zephyr/drivers/lora/libloramac-node.a(sx12xx_common.c.obj)
 .text.sx12xx_ev_tx_timed_out
                0x0000000008007216        0x4 zephyr/drivers/lora/libloramac-node.a(sx12xx_common.c.obj)
 .text.z_log_msg_runtime_create.constprop.0
                0x000000000800721a       0x1e zephyr/drivers/lora/libloramac-node.a(sx126x.c.obj)
 .text.gpio_pin_set.isra.0
                0x0000000008007238       0x20 zephyr/drivers/lora/libloramac-node.a(sx126x.c.obj)
 .text.SX126xAntSwOn
                0x0000000008007258        0x2 zephyr/drivers/lora/libloramac-node.a(sx126x.c.obj)
                0x0000000008007258                SX126xAntSwOn
 .text.SX126xAntSwOff
                0x000000000800725a        0x2 zephyr/drivers/lora/libloramac-node.a(sx126x.c.obj)
                0x000000000800725a                SX126xAntSwOff
 .text.SX126xGetBoardTcxoWakeupTime
                0x000000000800725c        0x4 zephyr/drivers/lora/libloramac-node.a(sx126x.c.obj)
                0x000000000800725c                SX126xGetBoardTcxoWakeupTime
 .text.SX126xGetDeviceId
                0x0000000008007260        0x4 zephyr/drivers/lora/libloramac-node.a(sx126x.c.obj)
                0x0000000008007260                SX126xGetDeviceId
 .text.SX126xIoTcxoInit
                0x0000000008007264       0x18 zephyr/drivers/lora/libloramac-node.a(sx126x.c.obj)
                0x0000000008007264                SX126xIoTcxoInit
 .text.SX126xIoRfSwitchInit
                0x000000000800727c        0x6 zephyr/drivers/lora/libloramac-node.a(sx126x.c.obj)
                0x000000000800727c                SX126xIoRfSwitchInit
 .text.SX126xSetRfTxPower
                0x0000000008007282        0x6 zephyr/drivers/lora/libloramac-node.a(sx126x.c.obj)
                0x0000000008007282                SX126xSetRfTxPower
 .text.SX126xWriteBuffer
                0x0000000008007288       0x22 zephyr/drivers/lora/libloramac-node.a(sx126x.c.obj)
                0x0000000008007288                SX126xWriteBuffer
 .text.SX126xReadBuffer
                0x00000000080072aa       0x26 zephyr/drivers/lora/libloramac-node.a(sx126x.c.obj)
                0x00000000080072aa                SX126xReadBuffer
 .text.SX126xWriteCommand
                0x00000000080072d0       0x1c zephyr/drivers/lora/libloramac-node.a(sx126x.c.obj)
                0x00000000080072d0                SX126xWriteCommand
 .text.SX126xReadCommand
                0x00000000080072ec       0x24 zephyr/drivers/lora/libloramac-node.a(sx126x.c.obj)
                0x00000000080072ec                SX126xReadCommand
 .text.SX126xWriteRegisters
                0x0000000008007310       0x28 zephyr/drivers/lora/libloramac-node.a(sx126x.c.obj)
                0x0000000008007310                SX126xWriteRegisters
 .text.SX126xWriteRegister
                0x0000000008007338       0x16 zephyr/drivers/lora/libloramac-node.a(sx126x.c.obj)
                0x0000000008007338                SX126xWriteRegister
 .text.SX126xReadRegisters
                0x000000000800734e       0x2c zephyr/drivers/lora/libloramac-node.a(sx126x.c.obj)
                0x000000000800734e                SX126xReadRegisters
 .text.SX126xReadRegister
                0x000000000800737a       0x16 zephyr/drivers/lora/libloramac-node.a(sx126x.c.obj)
                0x000000000800737a                SX126xReadRegister
 .text.radio_isr
                0x0000000008007390       0x16 zephyr/drivers/lora/libloramac-node.a(sx126x_stm32wl.c.obj)
 .text.sx126x_reset
                0x00000000080073a6       0x32 zephyr/drivers/lora/libloramac-node.a(sx126x_stm32wl.c.obj)
                0x00000000080073a6                sx126x_reset
 .text.sx126x_get_dio1_pin_state
                0x00000000080073d8        0x4 zephyr/drivers/lora/libloramac-node.a(sx126x_stm32wl.c.obj)
                0x00000000080073d8                sx126x_get_dio1_pin_state
 .text.sx126x_dio1_irq_disable
                0x00000000080073dc        0x6 zephyr/drivers/lora/libloramac-node.a(sx126x_stm32wl.c.obj)
                0x00000000080073dc                sx126x_dio1_irq_disable
 .text.sx126x_set_tx_params
                0x00000000080073e2       0x58 zephyr/drivers/lora/libloramac-node.a(sx126x_stm32wl.c.obj)
                0x00000000080073e2                sx126x_set_tx_params
 .text.TimerSetTimeout
                0x000000000800743a       0x2c zephyr/drivers/lora/libloramac-node.a(timer.c.obj)
 .text.TimerInit
                0x0000000008007466       0x10 zephyr/drivers/lora/libloramac-node.a(timer.c.obj)
                0x0000000008007466                TimerInit
 .text.TimerSetValue
                0x0000000008007476       0x22 zephyr/drivers/lora/libloramac-node.a(timer.c.obj)
                0x0000000008007476                TimerSetValue
 .text.TimerGetCurrentTime
                0x0000000008007498        0xe zephyr/drivers/lora/libloramac-node.a(timer.c.obj)
                0x0000000008007498                TimerGetCurrentTime
 .text.TimerGetElapsedTime
                0x00000000080074a6       0x1e zephyr/drivers/lora/libloramac-node.a(timer.c.obj)
                0x00000000080074a6                TimerGetElapsedTime
 .text.DelayMs  0x00000000080074c4        0x4 zephyr/drivers/lora/libloramac-node.a(delay.c.obj)
                0x00000000080074c4                DelayMs
 .text.SX126xCheckDeviceReady
                0x00000000080074c8       0x22 zephyr/drivers/lora/libloramac-node.a(sx126x.c.obj)
                0x00000000080074c8                SX126xCheckDeviceReady
 .text.SX126xSetPayload
                0x00000000080074ea        0xa zephyr/drivers/lora/libloramac-node.a(sx126x.c.obj)
                0x00000000080074ea                SX126xSetPayload
 .text.SX126xSetSyncWord
                0x00000000080074f4       0x12 zephyr/drivers/lora/libloramac-node.a(sx126x.c.obj)
                0x00000000080074f4                SX126xSetSyncWord
 .text.SX126xSetStandby
                0x0000000008007506       0x28 zephyr/drivers/lora/libloramac-node.a(sx126x.c.obj)
                0x0000000008007506                SX126xSetStandby
 .text.SX126xSetTx
                0x000000000800752e       0x28 zephyr/drivers/lora/libloramac-node.a(sx126x.c.obj)
                0x000000000800752e                SX126xSetTx
 .text.SX126xSendPayload
                0x0000000008007556       0x12 zephyr/drivers/lora/libloramac-node.a(sx126x.c.obj)
                0x0000000008007556                SX126xSendPayload
 .text.SX126xSetRx
                0x0000000008007568       0x32 zephyr/drivers/lora/libloramac-node.a(sx126x.c.obj)
                0x0000000008007568                SX126xSetRx
 .text.SX126xGetRandom
                0x000000000800759a       0x68 zephyr/drivers/lora/libloramac-node.a(sx126x.c.obj)
                0x000000000800759a                SX126xGetRandom
 .text.SX126xSetRxBoosted
                0x0000000008007602       0x32 zephyr/drivers/lora/libloramac-node.a(sx126x.c.obj)
                0x0000000008007602                SX126xSetRxBoosted
 .text.SX126xSetRxDutyCycle
                0x0000000008007634       0x34 zephyr/drivers/lora/libloramac-node.a(sx126x.c.obj)
                0x0000000008007634                SX126xSetRxDutyCycle
 .text.SX126xSetCad
                0x0000000008007668       0x16 zephyr/drivers/lora/libloramac-node.a(sx126x.c.obj)
                0x0000000008007668                SX126xSetCad
 .text.SX126xSetTxContinuousWave
                0x000000000800767e       0x16 zephyr/drivers/lora/libloramac-node.a(sx126x.c.obj)
                0x000000000800767e                SX126xSetTxContinuousWave
 .text.SX126xSetStopRxTimerOnPreambleDetect
                0x0000000008007694       0x18 zephyr/drivers/lora/libloramac-node.a(sx126x.c.obj)
                0x0000000008007694                SX126xSetStopRxTimerOnPreambleDetect
 .text.SX126xSetLoRaSymbNumTimeout
                0x00000000080076ac       0x56 zephyr/drivers/lora/libloramac-node.a(sx126x.c.obj)
                0x00000000080076ac                SX126xSetLoRaSymbNumTimeout
 .text.SX126xSetRegulatorMode
                0x0000000008007702       0x18 zephyr/drivers/lora/libloramac-node.a(sx126x.c.obj)
                0x0000000008007702                SX126xSetRegulatorMode
 .text.SX126xCalibrate
                0x000000000800771a       0x1c zephyr/drivers/lora/libloramac-node.a(sx126x.c.obj)
                0x000000000800771a                SX126xCalibrate
 .text.SX126xSetPaConfig
                0x0000000008007736       0x24 zephyr/drivers/lora/libloramac-node.a(sx126x.c.obj)
                0x0000000008007736                SX126xSetPaConfig
 .text.SX126xSetDioIrqParams
                0x000000000800775a       0x2a zephyr/drivers/lora/libloramac-node.a(sx126x.c.obj)
                0x000000000800775a                SX126xSetDioIrqParams
 .text.SX126xGetIrqStatus
                0x0000000008007784       0x1a zephyr/drivers/lora/libloramac-node.a(sx126x.c.obj)
                0x0000000008007784                SX126xGetIrqStatus
 .text.SX126xSetDio2AsRfSwitchCtrl
                0x000000000800779e       0x18 zephyr/drivers/lora/libloramac-node.a(sx126x.c.obj)
                0x000000000800779e                SX126xSetDio2AsRfSwitchCtrl
 .text.SX126xSetDio3AsTcxoCtrl
                0x00000000080077b6       0x28 zephyr/drivers/lora/libloramac-node.a(sx126x.c.obj)
                0x00000000080077b6                SX126xSetDio3AsTcxoCtrl
 .text.SX126xSetTxParams
                0x00000000080077de       0x86 zephyr/drivers/lora/libloramac-node.a(sx126x.c.obj)
                0x00000000080077de                SX126xSetTxParams
 .text.SX126xSetBufferBaseAddress
                0x0000000008007864       0x1a zephyr/drivers/lora/libloramac-node.a(sx126x.c.obj)
                0x0000000008007864                SX126xSetBufferBaseAddress
 .text.SX126xGetRssiInst
                0x000000000800787e       0x1a zephyr/drivers/lora/libloramac-node.a(sx126x.c.obj)
                0x000000000800787e                SX126xGetRssiInst
 .text.SX126xGetPayload
                0x0000000008007898       0x32 zephyr/drivers/lora/libloramac-node.a(sx126x.c.obj)
                0x0000000008007898                SX126xGetPayload
 .text.SX126xClearIrqStatus
                0x00000000080078ca       0x18 zephyr/drivers/lora/libloramac-node.a(sx126x.c.obj)
                0x00000000080078ca                SX126xClearIrqStatus
 .text.RadioCheckRfFrequency
                0x00000000080078e2        0x4 zephyr/drivers/lora/libloramac-node.a(radio.c.obj)
                0x00000000080078e2                RadioCheckRfFrequency
 .text.RadioStandby
                0x00000000080078e6        0x6 zephyr/drivers/lora/libloramac-node.a(radio.c.obj)
                0x00000000080078e6                RadioStandby
 .text.RadioSetChannel
                0x00000000080078ec        0x4 zephyr/drivers/lora/libloramac-node.a(radio.c.obj)
                0x00000000080078ec                RadioSetChannel
 .text.RadioRead
                0x00000000080078f0        0x6 zephyr/drivers/lora/libloramac-node.a(radio.c.obj)
                0x00000000080078f0                RadioRead
 .text.RadioWrite
                0x00000000080078f6        0x6 zephyr/drivers/lora/libloramac-node.a(radio.c.obj)
                0x00000000080078f6                RadioWrite
 .text.RadioSleep
                0x00000000080078fc       0x14 zephyr/drivers/lora/libloramac-node.a(radio.c.obj)
                0x00000000080078fc                RadioSleep
 .text.RadioSetRxDutyCycle
                0x0000000008007910        0x4 zephyr/drivers/lora/libloramac-node.a(radio.c.obj)
                0x0000000008007910                RadioSetRxDutyCycle
 .text.RadioReadBuffer
                0x0000000008007914        0x6 zephyr/drivers/lora/libloramac-node.a(radio.c.obj)
                0x0000000008007914                RadioReadBuffer
 .text.RadioWriteBuffer
                0x000000000800791a        0x6 zephyr/drivers/lora/libloramac-node.a(radio.c.obj)
                0x000000000800791a                RadioWriteBuffer
 .text.RadioStartCad
                0x0000000008007920       0x18 zephyr/drivers/lora/libloramac-node.a(radio.c.obj)
                0x0000000008007920                RadioStartCad
 .text.RadioRssi
                0x0000000008007938        0x8 zephyr/drivers/lora/libloramac-node.a(radio.c.obj)
                0x0000000008007938                RadioRssi
 .text.RadioGetWakeupTime
                0x0000000008007940        0xa zephyr/drivers/lora/libloramac-node.a(radio.c.obj)
                0x0000000008007940                RadioGetWakeupTime
 .text.RadioIsChannelFree
                0x000000000800794a       0x7a zephyr/drivers/lora/libloramac-node.a(radio.c.obj)
                0x000000000800794a                RadioIsChannelFree
 .text.RadioRandom
                0x00000000080079c4       0x1a zephyr/drivers/lora/libloramac-node.a(radio.c.obj)
                0x00000000080079c4                RadioRandom
 .text.RadioAddRegisterToRetentionList
                0x00000000080079de       0x6a zephyr/drivers/lora/libloramac-node.a(radio.c.obj)
                0x00000000080079de                RadioAddRegisterToRetentionList
 .text.pinctrl_lookup_state
                0x0000000008007a48       0x26 zephyr/drivers/pinctrl/libdrivers__pinctrl.a(common.c.obj)
                0x0000000008007a48                pinctrl_lookup_state
 .text.reset_stm32_status
                0x0000000008007a6e       0x20 zephyr/drivers/reset/libdrivers__reset.a(reset_stm32.c.obj)
 .text.reset_stm32_line_assert
                0x0000000008007a8e       0x1c zephyr/drivers/reset/libdrivers__reset.a(reset_stm32.c.obj)
 .text.reset_stm32_line_deassert
                0x0000000008007aaa       0x1e zephyr/drivers/reset/libdrivers__reset.a(reset_stm32.c.obj)
 .text.reset_stm32_line_toggle
                0x0000000008007ac8       0x16 zephyr/drivers/reset/libdrivers__reset.a(reset_stm32.c.obj)
 .text.uart_stm32_ll2cfg_databits
                0x0000000008007ade       0x2a zephyr/drivers/serial/libdrivers__serial.a(uart_stm32.c.obj)
 .text.uart_stm32_err_check
                0x0000000008007b08       0x5a zephyr/drivers/serial/libdrivers__serial.a(uart_stm32.c.obj)
 .text.z_log_msg_runtime_create.constprop.0
                0x0000000008007b62       0x20 zephyr/drivers/serial/libdrivers__serial.a(uart_stm32.c.obj)
 .text.uart_stm32_poll_out
                0x0000000008007b82       0x36 zephyr/drivers/serial/libdrivers__serial.a(uart_stm32.c.obj)
 .text.uart_stm32_poll_in
                0x0000000008007bb8       0x20 zephyr/drivers/serial/libdrivers__serial.a(uart_stm32.c.obj)
 .text.uart_stm32_config_get
                0x0000000008007bd8       0x92 zephyr/drivers/serial/libdrivers__serial.a(uart_stm32.c.obj)
 .text.uart_stm32_parameters_set
                0x0000000008007c6a      0x136 zephyr/drivers/serial/libdrivers__serial.a(uart_stm32.c.obj)
 .text.spi_context_get_next_buf
                0x0000000008007da0       0x2c zephyr/drivers/spi/libdrivers__spi.a(spi_ll_stm32.c.obj)
 .text.spi_context_buffers_setup
                0x0000000008007dcc       0x5e zephyr/drivers/spi/libdrivers__spi.a(spi_ll_stm32.c.obj)
 .text.spi_stm32_send_next_frame
                0x0000000008007e2a       0x90 zephyr/drivers/spi/libdrivers__spi.a(spi_ll_stm32.c.obj)
 .text.spi_stm32_read_next_frame
                0x0000000008007eba       0x84 zephyr/drivers/spi/libdrivers__spi.a(spi_ll_stm32.c.obj)
 .text.z_log_msg_runtime_create.constprop.0
                0x0000000008007f3e       0x20 zephyr/drivers/spi/libdrivers__spi.a(spi_ll_stm32.c.obj)
 .text.gpio_pin_set_dt.isra.0
                0x0000000008007f5e       0x28 zephyr/drivers/spi/libdrivers__spi.a(spi_ll_stm32.c.obj)
 .text.spi_context_unlock_unconditionally
                0x0000000008007f86       0x30 zephyr/drivers/spi/libdrivers__spi.a(spi_ll_stm32.c.obj)
 .text.spi_stm32_release
                0x0000000008007fb6       0x18 zephyr/drivers/spi/libdrivers__spi.a(spi_ll_stm32.c.obj)
 .text.z_impl_k_busy_wait
                0x0000000008007fce       0x1c zephyr/kernel/libkernel.a(busy_wait.c.obj)
                0x0000000008007fce                z_impl_k_busy_wait
 .text.z_device_state_init
                0x0000000008007fea        0x2 zephyr/kernel/libkernel.a(device.c.obj)
                0x0000000008007fea                z_device_state_init
 .text.z_impl_device_is_ready
                0x0000000008007fec       0x16 zephyr/kernel/libkernel.a(device.c.obj)
                0x0000000008007fec                z_impl_device_is_ready
 .text.z_log_msg_runtime_create.constprop.0
                0x0000000008008002       0x20 zephyr/kernel/libkernel.a(fatal.c.obj)
 .text.arch_system_halt
                0x0000000008008022       0x10 zephyr/kernel/libkernel.a(fatal.c.obj)
                0x0000000008008022                arch_system_halt
 .text.do_device_init
                0x0000000008008032       0x30 zephyr/kernel/libkernel.a(init.c.obj)
 .text.z_early_memset
                0x0000000008008062        0x4 zephyr/kernel/libkernel.a(init.c.obj)
                0x0000000008008062                z_early_memset
 .text.z_early_memcpy
                0x0000000008008066        0x4 zephyr/kernel/libkernel.a(init.c.obj)
                0x0000000008008066                z_early_memcpy
 .text.z_init_static
                0x000000000800806a        0x2 zephyr/kernel/libkernel.a(init_static.c.obj)
                0x000000000800806a                z_init_static
 .text.idle     0x000000000800806c       0x16 zephyr/kernel/libkernel.a(idle.c.obj)
                0x000000000800806c                idle
 .text.adjust_owner_prio.isra.0
                0x0000000008008082       0x10 zephyr/kernel/libkernel.a(mutex.c.obj)
 .text.z_impl_k_sem_init
                0x0000000008008092       0x20 zephyr/kernel/libkernel.a(sem.c.obj)
                0x0000000008008092                z_impl_k_sem_init
 .text.flag_test_and_clear
                0x00000000080080b2       0x16 zephyr/kernel/libkernel.a(work.c.obj)
 .text.notify_queue_locked.isra.0
                0x00000000080080c8        0xe zephyr/kernel/libkernel.a(work.c.obj)
 .text.k_work_init
                0x00000000080080d6       0x12 zephyr/kernel/libkernel.a(work.c.obj)
                0x00000000080080d6                k_work_init
 .text.z_work_submit_to_queue
                0x00000000080080e8       0x26 zephyr/kernel/libkernel.a(work.c.obj)
                0x00000000080080e8                z_work_submit_to_queue
 .text.k_work_submit_to_queue
                0x000000000800810e       0x20 zephyr/kernel/libkernel.a(work.c.obj)
                0x000000000800810e                k_work_submit_to_queue
 .text.k_is_in_isr
                0x000000000800812e        0xc zephyr/kernel/libkernel.a(thread.c.obj)
                0x000000000800812e                k_is_in_isr
 .text.z_impl_k_thread_name_set
                0x000000000800813a        0x6 zephyr/kernel/libkernel.a(thread.c.obj)
                0x000000000800813a                z_impl_k_thread_name_set
 .text.k_thread_name_get
                0x0000000008008140        0x4 zephyr/kernel/libkernel.a(thread.c.obj)
                0x0000000008008140                k_thread_name_get
 .text.z_impl_k_thread_start
                0x0000000008008144        0x4 zephyr/kernel/libkernel.a(thread.c.obj)
                0x0000000008008144                z_impl_k_thread_start
 .text.sys_dlist_remove
                0x0000000008008148       0x10 zephyr/kernel/libkernel.a(sched.c.obj)
 .text.unpend_thread_no_timeout
                0x0000000008008158       0x14 zephyr/kernel/libkernel.a(sched.c.obj)
 .text.add_to_waitq_locked
                0x000000000800816c       0x50 zephyr/kernel/libkernel.a(sched.c.obj)
 .text.z_sched_prio_cmp
                0x00000000080081bc       0x12 zephyr/kernel/libkernel.a(sched.c.obj)
                0x00000000080081bc                z_sched_prio_cmp
 .text.z_ready_thread
                0x00000000080081ce       0x1e zephyr/kernel/libkernel.a(sched.c.obj)
                0x00000000080081ce                z_ready_thread
 .text.z_impl_k_thread_suspend
                0x00000000080081ec       0x32 zephyr/kernel/libkernel.a(sched.c.obj)
                0x00000000080081ec                z_impl_k_thread_suspend
 .text.z_unpend_thread_no_timeout
                0x000000000800821e       0x22 zephyr/kernel/libkernel.a(sched.c.obj)
                0x000000000800821e                z_unpend_thread_no_timeout
 .text.z_sched_wake_thread
                0x0000000008008240       0x42 zephyr/kernel/libkernel.a(sched.c.obj)
                0x0000000008008240                z_sched_wake_thread
 .text.z_thread_timeout
                0x0000000008008282        0x8 zephyr/kernel/libkernel.a(sched.c.obj)
                0x0000000008008282                z_thread_timeout
 .text.z_unpend1_no_timeout
                0x000000000800828a       0x2c zephyr/kernel/libkernel.a(sched.c.obj)
                0x000000000800828a                z_unpend1_no_timeout
 .text.z_unpend_first_thread
                0x00000000080082b6       0x36 zephyr/kernel/libkernel.a(sched.c.obj)
                0x00000000080082b6                z_unpend_first_thread
 .text.z_unpend_thread
                0x00000000080082ec       0x2e zephyr/kernel/libkernel.a(sched.c.obj)
                0x00000000080082ec                z_unpend_thread
 .text.z_thread_abort
                0x000000000800831a       0x44 zephyr/kernel/libkernel.a(sched.c.obj)
                0x000000000800831a                z_thread_abort
 .text.z_sched_wake
                0x000000000800835e       0x44 zephyr/kernel/libkernel.a(sched.c.obj)
                0x000000000800835e                z_sched_wake
 .text.z_abort_timeout
                0x00000000080083a2       0x2a zephyr/kernel/libkernel.a(timeout.c.obj)
                0x00000000080083a2                z_abort_timeout
 .text.sys_clock_tick_get_32
                0x00000000080083cc        0x8 zephyr/kernel/libkernel.a(timeout.c.obj)
                0x00000000080083cc                sys_clock_tick_get_32
 .text.z_impl_k_uptime_ticks
                0x00000000080083d4        0x4 zephyr/kernel/libkernel.a(timeout.c.obj)
                0x00000000080083d4                z_impl_k_uptime_ticks
 .text.z_impl_k_timer_stop
                0x00000000080083d8       0x38 zephyr/kernel/libkernel.a(timer.c.obj)
                0x00000000080083d8                z_impl_k_timer_stop
 .text.clear_event_registrations
                0x0000000008008410       0x5c zephyr/kernel/libkernel.a(poll.c.obj)
 .text.add_event
                0x000000000800846c       0x62 zephyr/kernel/libkernel.a(poll.c.obj)
 .text.register_events
                0x00000000080084ce       0xf0 zephyr/kernel/libkernel.a(poll.c.obj)
 .text.signal_poll_event
                0x00000000080085be       0x8c zephyr/kernel/libkernel.a(poll.c.obj)
 .text.z_handle_obj_poll_events
                0x000000000800864a       0x34 zephyr/kernel/libkernel.a(poll.c.obj)
                0x000000000800864a                z_handle_obj_poll_events
 .text.memcpy   0x000000000800867e       0x1c /Volumes/Attic/zephyr-sdk-0.16.8/arm-zephyr-eabi/bin/../lib/gcc/../../picolibc/arm-zephyr-eabi/lib/thumb/v7e-m/nofp/libc.a(memcpy.c.o)
                0x000000000800867e                memcpy
                0x000000000800867e                __aeabi_memcpy
                0x000000000800867e                __aeabi_memcpy4
                0x000000000800867e                __aeabi_memcpy8
 .text.memset   0x000000000800869a       0x10 /Volumes/Attic/zephyr-sdk-0.16.8/arm-zephyr-eabi/bin/../lib/gcc/../../picolibc/arm-zephyr-eabi/lib/thumb/v7e-m/nofp/libc.a(memset.c.o)
                0x000000000800869a                memset
 .text.strnlen  0x00000000080086aa       0x18 /Volumes/Attic/zephyr-sdk-0.16.8/arm-zephyr-eabi/bin/../lib/gcc/../../picolibc/arm-zephyr-eabi/lib/thumb/v7e-m/nofp/libc.a(libc_string_strnlen.c.o)
                0x00000000080086aa                strnlen
 .text.__ultoa_invert
                0x00000000080086c2       0xae /Volumes/Attic/zephyr-sdk-0.16.8/arm-zephyr-eabi/bin/../lib/gcc/../../picolibc/arm-zephyr-eabi/lib/thumb/v7e-m/nofp/libc.a(libc_tinystdio_vflprintf.c.o)
 .text.__file_str_put
                0x0000000008008770       0x10 /Volumes/Attic/zephyr-sdk-0.16.8/arm-zephyr-eabi/bin/../lib/gcc/../../picolibc/arm-zephyr-eabi/lib/thumb/v7e-m/nofp/libc.a(libc_tinystdio_filestrput.c.o)
                0x0000000008008770                __file_str_put
 *(SORT_BY_ALIGNMENT(.TEXT.*))
 .TEXT.__aeabi_read_tp
                0x0000000008008780        0xc zephyr/arch/arch/arm/core/cortex_m/libarch__arm__core__cortex_m.a(__aeabi_read_tp.S.obj)
                0x0000000008008780                __aeabi_read_tp
 *(SORT_BY_ALIGNMENT(.gnu.linkonce.t.*))
 *(SORT_BY_ALIGNMENT(.glue_7t))
 .glue_7t       0x000000000800878c        0x0 linker stubs
 *(SORT_BY_ALIGNMENT(.glue_7))
 .glue_7        0x000000000800878c        0x0 linker stubs
 *(SORT_BY_ALIGNMENT(.vfp11_veneer))
 .vfp11_veneer  0x000000000800878c        0x0 linker stubs
 *(SORT_BY_ALIGNMENT(.v4_bx))
 .v4_bx         0x000000000800878c        0x0 linker stubs
                0x000000000800878c                . = ALIGN (0x4)
                0x000000000800878c                __text_region_end = .

.ARM.exidx      0x000000000800878c        0x8
                0x000000000800878c                __exidx_start = .
 *(SORT_BY_ALIGNMENT(.ARM.exidx*) SORT_BY_ALIGNMENT(gnu.linkonce.armexidx.*))
 .ARM.exidx     0x000000000800878c        0x8 /Volumes/Attic/zephyr-sdk-0.16.8/arm-zephyr-eabi/bin/../lib/gcc/arm-zephyr-eabi/12.2.0/thumb/v7e-m/nofp/libgcc.a(_udivmoddi4.o)
 .ARM.exidx     0x0000000008008794        0x0 /Volumes/Attic/zephyr-sdk-0.16.8/arm-zephyr-eabi/bin/../lib/gcc/../../picolibc/arm-zephyr-eabi/lib/thumb/v7e-m/nofp/libc.a(strlen.S.o)
                                          0x8 (size before relaxing)
                0x0000000008008794                __exidx_end = .
                0x0000000008008794                __rodata_region_start = .

initlevel       0x0000000008008794       0x98
                0x0000000008008794                __init_start = .
                0x0000000008008794                __init_EARLY_start = .
 *(SORT_BY_NAME(SORT_BY_ALIGNMENT(.z_init_EARLY?_*)))
 *(SORT_BY_NAME(SORT_BY_ALIGNMENT(.z_init_EARLY??_*)))
                0x0000000008008794                __init_PRE_KERNEL_1_start = .
 *(SORT_BY_NAME(SORT_BY_ALIGNMENT(.z_init_PRE_KERNEL_1?_*)))
 .z_init_PRE_KERNEL_10_0_
                0x0000000008008794        0x8 zephyr/libzephyr.a(soc.c.obj)
 .z_init_PRE_KERNEL_11_00009_
                0x000000000800879c        0x8 zephyr/drivers/clock_control/libdrivers__clock_control.a(clock_stm32_ll_common.c.obj)
 .z_init_PRE_KERNEL_11_0_
                0x00000000080087a4        0x8 zephyr/libzephyr.a(soc_config.c.obj)
 *(SORT_BY_NAME(SORT_BY_ALIGNMENT(.z_init_PRE_KERNEL_1??_*)))
 .z_init_PRE_KERNEL_135_00055_
                0x00000000080087ac        0x8 zephyr/drivers/reset/libdrivers__reset.a(reset_stm32.c.obj)
 .z_init_PRE_KERNEL_140_00036_
                0x00000000080087b4        0x8 zephyr/drivers/gpio/libdrivers__gpio.a(gpio_stm32.c.obj)
 .z_init_PRE_KERNEL_140_00037_
                0x00000000080087bc        0x8 zephyr/drivers/gpio/libdrivers__gpio.a(gpio_stm32.c.obj)
 .z_init_PRE_KERNEL_140_00042_
                0x00000000080087c4        0x8 zephyr/drivers/gpio/libdrivers__gpio.a(gpio_stm32.c.obj)
 .z_init_PRE_KERNEL_140_00053_
                0x00000000080087cc        0x8 zephyr/drivers/interrupt_controller/libdrivers__interrupt_controller.a(intc_exti_stm32.c.obj)
 .z_init_PRE_KERNEL_140_00078_
                0x00000000080087d4        0x8 zephyr/drivers/gpio/libdrivers__gpio.a(gpio_stm32.c.obj)
 .z_init_PRE_KERNEL_150_00054_
                0x00000000080087dc        0x8 zephyr/drivers/entropy/libdrivers__entropy.a(entropy_stm32.c.obj)
 .z_init_PRE_KERNEL_150_00059_
                0x00000000080087e4        0x8 zephyr/drivers/serial/libdrivers__serial.a(uart_stm32.c.obj)
 .z_init_PRE_KERNEL_160_0_
                0x00000000080087ec        0x8 zephyr/drivers/console/libdrivers__console.a(uart_console.c.obj)
                0x00000000080087f4                __init_PRE_KERNEL_2_start = .
 *(SORT_BY_NAME(SORT_BY_ALIGNMENT(.z_init_PRE_KERNEL_2?_*)))
 .z_init_PRE_KERNEL_20_0_
                0x00000000080087f4        0x8 zephyr/drivers/timer/libdrivers__timer.a(cortex_m_systick.c.obj)
 *(SORT_BY_NAME(SORT_BY_ALIGNMENT(.z_init_PRE_KERNEL_2??_*)))
                0x00000000080087fc                __init_POST_KERNEL_start = .
 *(SORT_BY_NAME(SORT_BY_ALIGNMENT(.z_init_POST_KERNEL?_*)))
 .z_init_POST_KERNEL0_0_
                0x00000000080087fc        0x8 zephyr/libzephyr.a(log_core.c.obj)
 *(SORT_BY_NAME(SORT_BY_ALIGNMENT(.z_init_POST_KERNEL??_*)))
 .z_init_POST_KERNEL35_0_
                0x0000000008008804        0x8 zephyr/lib/libc/common/liblib__libc__common.a(malloc.c.obj)
 .z_init_POST_KERNEL40_0_
                0x000000000800880c        0x8 zephyr/kernel/libkernel.a(system_work_q.c.obj)
 .z_init_POST_KERNEL50_00066_
                0x0000000008008814        0x8 zephyr/drivers/spi/libdrivers__spi.a(spi_ll_stm32.c.obj)
 .z_init_POST_KERNEL50_00085_
                0x000000000800881c        0x8 zephyr/drivers/spi/libdrivers__spi.a(spi_ll_stm32.c.obj)
 .z_init_POST_KERNEL90_00086_
                0x0000000008008824        0x8 zephyr/drivers/lora/libloramac-node.a(sx126x.c.obj)
                0x000000000800882c                __init_APPLICATION_start = .
 *(SORT_BY_NAME(SORT_BY_ALIGNMENT(.z_init_APPLICATION?_*)))
 *(SORT_BY_NAME(SORT_BY_ALIGNMENT(.z_init_APPLICATION??_*)))
                0x000000000800882c                __init_SMP_start = .
 *(SORT_BY_NAME(SORT_BY_ALIGNMENT(.z_init_SMP?_*)))
 *(SORT_BY_NAME(SORT_BY_ALIGNMENT(.z_init_SMP??_*)))
                0x000000000800882c                __init_end = .
                0x000000000800882c                __deferred_init_list_start = .
 *(SORT_BY_ALIGNMENT(.z_deferred_init*))
                0x000000000800882c                __deferred_init_list_end = .

device_area     0x000000000800882c       0xf0
                0x000000000800882c                _device_list_start = .
 *(SORT_BY_NAME(SORT_BY_ALIGNMENT(._device.static.*_?_*)))
 ._device.static.1_1_
                0x000000000800882c       0x14 zephyr/drivers/clock_control/libdrivers__clock_control.a(clock_stm32_ll_common.c.obj)
                0x000000000800882c                __device_dts_ord_9
 *(SORT_BY_NAME(SORT_BY_ALIGNMENT(._device.static.*_??_*)))
 ._device.static.1_35_
                0x0000000008008840       0x14 zephyr/drivers/reset/libdrivers__reset.a(reset_stm32.c.obj)
                0x0000000008008840                __device_dts_ord_55
 ._device.static.1_40_
                0x0000000008008854       0x14 zephyr/drivers/interrupt_controller/libdrivers__interrupt_controller.a(intc_exti_stm32.c.obj)
                0x0000000008008854                __device_dts_ord_53
 ._device.static.1_40_
                0x0000000008008868       0x50 zephyr/drivers/gpio/libdrivers__gpio.a(gpio_stm32.c.obj)
                0x0000000008008868                __device_dts_ord_78
                0x000000000800887c                __device_dts_ord_37
                0x0000000008008890                __device_dts_ord_42
                0x00000000080088a4                __device_dts_ord_36
 ._device.static.1_50_
                0x00000000080088b8       0x14 zephyr/drivers/entropy/libdrivers__entropy.a(entropy_stm32.c.obj)
                0x00000000080088b8                __device_dts_ord_54
 ._device.static.1_50_
                0x00000000080088cc       0x14 zephyr/drivers/serial/libdrivers__serial.a(uart_stm32.c.obj)
                0x00000000080088cc                __device_dts_ord_59
 ._device.static.3_50_
                0x00000000080088e0       0x28 zephyr/drivers/spi/libdrivers__spi.a(spi_ll_stm32.c.obj)
                0x00000000080088e0                __device_dts_ord_85
                0x00000000080088f4                __device_dts_ord_66
 ._device.static.3_90_
                0x0000000008008908       0x14 zephyr/drivers/lora/libloramac-node.a(sx126x.c.obj)
                0x0000000008008908                __device_dts_ord_86
                0x000000000800891c                _device_list_end = .

sw_isr_table    0x000000000800891c      0x1f0
                0x000000000800891c                . = ALIGN (0x4)
 *(SORT_BY_ALIGNMENT(.gnu.linkonce.sw_isr_table*))
 .gnu.linkonce.sw_isr_table
                0x000000000800891c      0x1f0 zephyr/arch/common/libisr_tables.a(isr_tables.c.obj)
                0x000000000800891c                _sw_isr_table

initlevel_error
                0x0000000008008794        0x0
 *(SORT_BY_NAME(SORT_BY_ALIGNMENT(.z_init_[_A-Z0-9]*)))
                0x0000000000000001                ASSERT ((SIZEOF (initlevel_error) == 0x0), Undefined initialization levels used.)

app_shmem_regions
                0x0000000008008b0c        0x0
                0x0000000008008b0c                __app_shmem_regions_start = .
 *(SORT_BY_NAME(SORT_BY_ALIGNMENT(.app_regions.*)))
                0x0000000008008b0c                __app_shmem_regions_end = .

k_p4wq_initparam_area
                0x0000000008008b0c        0x0
                0x0000000008008b0c                _k_p4wq_initparam_list_start = .
 *(SORT_BY_NAME(SORT_BY_ALIGNMENT(._k_p4wq_initparam.static.*)))
                0x0000000008008b0c                _k_p4wq_initparam_list_end = .

_static_thread_data_area
                0x0000000008008b0c        0x0
                0x0000000008008b0c                __static_thread_data_list_start = .
 *(SORT_BY_NAME(SORT_BY_ALIGNMENT(.__static_thread_data.static.*)))
                0x0000000008008b0c                __static_thread_data_list_end = .

device_deps     0x0000000008008b0c        0x0
                0x0000000008008b0c                __device_deps_start = .
 *(SORT_BY_NAME(SORT_BY_ALIGNMENT(.__device_deps_pass2*)))
                0x0000000008008b0c                __device_deps_end = .

ztest           0x0000000008008b0c        0x0
                0x0000000008008b0c                _ztest_expected_result_entry_list_start = .
 *(SORT_BY_NAME(SORT_BY_ALIGNMENT(._ztest_expected_result_entry.static.*)))
                0x0000000008008b0c                _ztest_expected_result_entry_list_end = .
                0x0000000008008b0c                _ztest_suite_node_list_start = .
 *(SORT_BY_NAME(SORT_BY_ALIGNMENT(._ztest_suite_node.static.*)))
                0x0000000008008b0c                _ztest_suite_node_list_end = .
                0x0000000008008b0c                _ztest_unit_test_list_start = .
 *(SORT_BY_NAME(SORT_BY_ALIGNMENT(._ztest_unit_test.static.*)))
                0x0000000008008b0c                _ztest_unit_test_list_end = .
                0x0000000008008b0c                _ztest_test_rule_list_start = .
 *(SORT_BY_NAME(SORT_BY_ALIGNMENT(._ztest_test_rule.static.*)))
                0x0000000008008b0c                _ztest_test_rule_list_end = .

init_array      0x0000000008008b0c        0x0
 *(SORT_BY_NAME(SORT_BY_ALIGNMENT(.ctors*)))
 *(SORT_BY_NAME(SORT_BY_ALIGNMENT(.init_array*)))
                0x0000000000000001                ASSERT ((SIZEOF (init_array) == 0x0), GNU-style constructors required but STATIC_INIT_GNU not enabled)

bt_l2cap_fixed_chan_area
                0x0000000008008b0c        0x0
                0x0000000008008b0c                _bt_l2cap_fixed_chan_list_start = .
 *(SORT_BY_NAME(SORT_BY_ALIGNMENT(._bt_l2cap_fixed_chan.static.*)))
                0x0000000008008b0c                _bt_l2cap_fixed_chan_list_end = .

bt_gatt_service_static_area
                0x0000000008008b0c        0x0
                0x0000000008008b0c                _bt_gatt_service_static_list_start = .
 *(SORT_BY_NAME(SORT_BY_ALIGNMENT(._bt_gatt_service_static.static.*)))
                0x0000000008008b0c                _bt_gatt_service_static_list_end = .

log_strings_area
                0x0000000008008b0c        0x0
                0x0000000008008b0c                _log_strings_list_start = .